ARM Linker, 4.1 [Build 481] [Standard]

==============================================================================

Section Cross References

    cantx.o(.text) refers to stm32f10x_can.o(.text) for CAN_Transmit
    cantx.o(.text) refers to cantx.o(.data) for cantx_data
    hardware.o(.text) refers to stm32f10x_gpio.o(.text) for GPIO_Init
    hardware.o(.text) refers to stm32f10x_rcc.o(.text) for RCC_DeInit
    hardware.o(.text) refers to stm32f10x_flash.o(.text) for FLASH_PrefetchBufferCmd
    hardware.o(.text) refers to stm32f10x_usart.o(.text) for USART_Init
    hardware.o(.text) refers to stm32f10x_can.o(.text) for CAN_DeInit
    hardware.o(.text) refers to misc.o(.text) for NVIC_PriorityGroupConfig
    hardware.o(.text) refers to hardware.o(.data) for HSEStartUpStatus
    main.o(.text) refers to hardware.o(.text) for RCC_Configuration
    main.o(.text) refers to time1.o(.text) for Time2_Init
    main.o(.text) refers to time.o(.text) for Time4_Init
    main.o(.text) refers to pwm.o(.text) for TIM3_PWM_Init
    main.o(.text) refers to stm32f10x_tim.o(.text) for TIM_Cmd
    main.o(.text) refers to main.o(.data) for CanFlag
    main.o(.text) refers to stm32f10x_it.o(.data) for TZkb
    main.o(.text) refers to time1.o(.data) for countYc
    main.o(.text) refers to time.o(.data) for countZqgs
    printf.o(.text) refers to rt_memclr_w.o(.text) for __aeabi_memclr4
    printf.o(.text) refers to c89vsprintf.o(.text) for __c89vsprintf
    stm32f10x_it.o(.text) refers to stm32f10x_can.o(.text) for CAN_Receive
    stm32f10x_it.o(.text) refers to printf.o(.text) for UART2_Print
    stm32f10x_it.o(.text) refers to fflt_clz.o(x$fpl$ffltu) for __aeabi_ui2f
    stm32f10x_it.o(.text) refers to fdiv.o(x$fpl$fdiv) for __aeabi_fdiv
    stm32f10x_it.o(.text) refers to fflt_clz.o(x$fpl$fflt) for __aeabi_i2f
    stm32f10x_it.o(.text) refers to fmul.o(x$fpl$fmul) for __aeabi_fmul
    stm32f10x_it.o(.text) refers to ffix.o(x$fpl$ffix) for __aeabi_f2iz
    stm32f10x_it.o(.text) refers to stm32f10x_tim.o(.text) for TIM_Cmd
    stm32f10x_it.o(.text) refers to main.o(.data) for CAN_ID
    stm32f10x_it.o(.text) refers to stm32f10x_it.o(.data) for canrx_data
    stm32f10x_it.o(.text) refers to time1.o(.data) for countYc
    time.o(.text) refers to stm32f10x_tim.o(.text) for TIM_TimeBaseInit
    time.o(.text) refers to time.o(.data) for countZqgs
    pwm.o(.text) refers to stm32f10x_gpio.o(.text) for GPIO_Init
    pwm.o(.text) refers to stm32f10x_tim.o(.text) for TIM_TimeBaseInit
    time1.o(.text) refers to stm32f10x_tim.o(.text) for TIM_TimeBaseInit
    time1.o(.text) refers to printf.o(.text) for UART2_Print
    time1.o(.text) refers to time1.o(.data) for countYc
    stm32f10x_adc.o(.text) refers to stm32f10x_rcc.o(.text) for RCC_APB2PeriphResetCmd
    stm32f10x_bkp.o(.text) refers to stm32f10x_rcc.o(.text) for RCC_BackupResetCmd
    stm32f10x_can.o(.text) refers to stm32f10x_rcc.o(.text) for RCC_APB1PeriphResetCmd
    stm32f10x_cec.o(.text) refers to stm32f10x_rcc.o(.text) for RCC_APB1PeriphResetCmd
    stm32f10x_dac.o(.text) refers to stm32f10x_rcc.o(.text) for RCC_APB1PeriphResetCmd
    stm32f10x_gpio.o(.text) refers to stm32f10x_rcc.o(.text) for RCC_APB2PeriphResetCmd
    stm32f10x_i2c.o(.text) refers to stm32f10x_rcc.o(.text) for RCC_APB1PeriphResetCmd
    stm32f10x_pwr.o(.text) refers to stm32f10x_rcc.o(.text) for RCC_APB1PeriphResetCmd
    stm32f10x_rcc.o(.text) refers to stm32f10x_rcc.o(.data) for APBAHBPrescTable
    stm32f10x_spi.o(.text) refers to stm32f10x_rcc.o(.text) for RCC_APB2PeriphResetCmd
    stm32f10x_tim.o(.text) refers to stm32f10x_rcc.o(.text) for RCC_APB2PeriphResetCmd
    stm32f10x_usart.o(.text) refers to stm32f10x_rcc.o(.text) for RCC_APB2PeriphResetCmd
    stm32f10x_wwdg.o(.text) refers to stm32f10x_rcc.o(.text) for RCC_APB1PeriphResetCmd
    system_stm32f10x.o(.text) refers to system_stm32f10x.o(.data) for SystemCoreClock
    startup_stm32f10x_cl.o(STACK) refers (Special) to heapauxi.o(.text) for __use_two_region_memory
    startup_stm32f10x_cl.o(HEAP) refers (Special) to heapauxi.o(.text) for __use_two_region_memory
    startup_stm32f10x_cl.o(RESET) refers (Special) to heapauxi.o(.text) for __use_two_region_memory
    startup_stm32f10x_cl.o(RESET) refers to startup_stm32f10x_cl.o(STACK) for __initial_sp
    startup_stm32f10x_cl.o(RESET) refers to startup_stm32f10x_cl.o(.text) for Reset_Handler
    startup_stm32f10x_cl.o(RESET) refers to stm32f10x_it.o(.text) for CAN1_RX0_IRQHandler
    startup_stm32f10x_cl.o(RESET) refers to time1.o(.text) for TIM2_IRQHandler
    startup_stm32f10x_cl.o(RESET) refers to time.o(.text) for TIM4_IRQHandler
    startup_stm32f10x_cl.o(.text) refers (Special) to heapauxi.o(.text) for __use_two_region_memory
    startup_stm32f10x_cl.o(.text) refers to system_stm32f10x.o(.text) for SystemInit
    startup_stm32f10x_cl.o(.text) refers to __main.o(!!!main) for __main
[...]
    .text                                    0x080017c0   Section        0  stm32f10x_flash.o(.text)
    .text                                    0x08001d88   Section        0  stm32f10x_gpio.o(.text)
    .text                                    0x080020e0   Section        0  stm32f10x_rcc.o(.text)
    .text                                    0x080025dc   Section        0  stm32f10x_tim.o(.text)
    TI4_Config                               0x08002a65   Thumb Code   118  stm32f10x_tim.o(.text)
    TI3_Config                               0x08002aed   Thumb Code   114  stm32f10x_tim.o(.text)
    TI2_Config                               0x08002b75   Thumb Code   118  stm32f10x_tim.o(.text)
    TI1_Config                               0x08002bfd   Thumb Code   106  stm32f10x_tim.o(.text)
    .text                                    0x0800338c   Section        0  stm32f10x_usart.o(.text)
    .text                                    0x08003798   Section        0  system_stm32f10x.o(.text)
    SetSysClockTo72                          0x08003799   Thumb Code   240  system_stm32f10x.o(.text)
    SetSysClock                              0x08003889   Thumb Code     8  system_stm32f10x.o(.text)
    .text                                    0x08003a00   Section       64  startup_stm32f10x_cl.o(.text)
    .text                                    0x08003a40   Section        0  c89vsprintf.o(.text)
    .text                                    0x08003a64   Section       78  rt_memclr_w.o(.text)
    .text                                    0x08003ab2   Section        0  heapauxi.o(.text)
    .text                                    0x08003ab8   Section        0  _printf_pad.o(.text)
    .text                                    0x08003b08   Section        0  _printf_truncate.o(.text)
    .text                                    0x08003b2c   Section        0  _printf_str.o(.text)
    .text                                    0x08003b80   Section        0  _printf_dec.o(.text)
    .text                                    0x08003bf4   Section        0  _printf_charcount.o(.text)
    .text                                    0x08003c20   Section        0  _printf_char_common.o(.text)
    _printf_input_char                       0x08003c21   Thumb Code    10  _printf_char_common.o(.text)
    .text                                    0x08003c50   Section        0  _sputc.o(.text)
    .text                                    0x08003c5c   Section        0  _printf_wctomb.o(.text)
    .text                                    0x08003d18   Section        0  _printf_longlong_dec.o(.text)
    .text                                    0x08003d90   Section        0  _printf_oct_int_ll.o(.text)
    _printf_longlong_oct_internal            0x08003d91   Thumb Code     0  _printf_oct_int_ll.o(.text)
    .text                                    0x08003e08   Section        0  _printf_hex_int_ll_ptr.o(.text)
    _printf_hex_common                       0x08003e09   Thumb Code     0  _printf_hex_int_ll_ptr.o(.text)
    .text                                    0x08003ea4   Section        0  __printf_flags_ss_wp.o(.text)
    .text                                    0x08004040   Section      138  lludiv10.o(.text)
    .text                                    0x080040ca   Section        0  _printf_intcommon.o(.text)
    .text                                    0x0800417e   Section        0  _printf_fp_dec.o(.text)
    _fp_digits                               0x08004181   Thumb Code   420  _printf_fp_dec.o(.text)
    .text                                    0x0800458c   Section        0  _printf_char.o(.text)
    .text                                    0x080045b8   Section        0  _printf_wchar.o(.text)
    .text                                    0x080045e4   Section        0  _wcrtomb.o(.text)
    .text                                    0x08004624   Section       16  rtudiv10.o(.text)
    .text                                    0x08004634   Section       74  sys_stackheap_outer.o(.text)
    .text                                    0x08004680   Section       16  rt_ctype_table.o(.text)
    .text                                    0x08004690   Section       12  rt_locale_intlibspace.o(.text)
    .text                                    0x0800469c   Section        0  _printf_fp_infnan.o(.text)
    .text                                    0x08004718   Section        0  bigflt0.o(.text)
    .text                                    0x08004804   Section        0  exit.o(.text)
    .text                                    0x08004810   Section        8  libspace.o(.text)
    .text                                    0x08004818   Section      128  strcmpv7m.o(.text)
    .text                                    0x08004898   Section       12  rt_fp_status_addr_intlibspace.o(.text)
    .text                                    0x080048a4   Section        0  sys_exit.o(.text)
    .text                                    0x080048b0   Section        2  use_no_semi.o(.text)
    CL$$btod_d2e                             0x080048b2   Section       62  btod.o(CL$$btod_d2e)
    CL$$btod_d2e_denorm_low                  0x080048f0   Section       70  btod.o(CL$$btod_d2e_denorm_low)
    CL$$btod_d2e_norm_op1                    0x08004936   Section       96  btod.o(CL$$btod_d2e_norm_op1)
    CL$$btod_div_common                      0x08004996   Section      824  btod.o(CL$$btod_div_common)
    CL$$btod_e2e                             0x08004cce   Section      198  btod.o(CL$$btod_e2e)
    CL$$btod_ediv                            0x08004d94   Section       40  btod.o(CL$$btod_ediv)
    CL$$btod_emul                            0x08004dbc   Section       40  btod.o(CL$$btod_emul)
    CL$$btod_mult_common                     0x08004de4   Section      580  btod.o(CL$$btod_mult_common)
    i.__ARM_fpclassify                       0x08005028   Section        0  fpclassify.o(i.__ARM_fpclassify)
    locale$$code                             0x08005050   Section       44  lc_numeric_c.o(locale$$code)
    locale$$code                             0x0800507c   Section       44  lc_ctype_c.o(locale$$code)
    x$fpl$fdiv                               0x080050a8   Section      388  fdiv.o(x$fpl$fdiv)
    _fdiv1                                   0x080050a9   Thumb Code     0  fdiv.o(x$fpl$fdiv)
    x$fpl$ffix                               0x0800522c   Section       54  ffix.o(x$fpl$ffix)
    x$fpl$fflt                               0x08005264   Section       48  fflt_clz.o(x$fpl$fflt)
    x$fpl$ffltu                              0x08005294   Section       38  fflt_clz.o(x$fpl$ffltu)
    x$fpl$fmul                               0x080052bc   Section      258  fmul.o(x$fpl$fmul)
    x$fpl$fnaninf                            0x080053be   Section      140  fnaninf.o(x$fpl$fnaninf)
    x$fpl$fpinit                             0x0800544a   Section       14  fpinit.o(x$fpl$fpinit)
    x$fpl$fretinf                            0x08005458   Section       10  fretinf.o(x$fpl$fretinf)
    x$fpl$printf1                            0x08005462   Section        4  printf1.o(x$fpl$printf1)
    x$fpl$usenofp                            0x08005466   Section        0  usenofp.o(x$fpl$usenofp)
    .constdata                               0x08005468   Section        8  _printf_wctomb.o(.constdata)
    initial_mbstate                          0x08005468   Data           8  _printf_wctomb.o(.constdata)
    .constdata                               0x08005470   Section       40  _printf_hex_int_ll_ptr.o(.constdata)
    uc_hextab                                0x08005470   Data          20  _printf_hex_int_ll_ptr.o(.constdata)
    lc_hextab                                0x08005484   Data          20  _printf_hex_int_ll_ptr.o(.constdata)
    .constdata                               0x08005498   Section       17  __printf_flags_ss_wp.o(.constdata)
    maptable                                 0x08005498   Data          17  __printf_flags_ss_wp.o(.constdata)
    .constdata                               0x080054ac   Section      148  bigflt0.o(.constdata)
    tenpwrs_x                                0x080054ac   Data          60  bigflt0.o(.constdata)
    tenpwrs_i                                0x080054e8   Data          64  bigflt0.o(.constdata)
    locale$$data                             0x08005560   Section       28  lc_numeric_c.o(locale$$data)
    __lcnum_c_name                           0x08005564   Data           2  lc_numeric_c.o(locale$$data)
    __lcnum_c_start                          0x0800556c   Data           0  lc_numeric_c.o(locale$$data)
    __lcnum_c_point                          0x08005578   Data           0  lc_numeric_c.o(locale$$data)
    __lcnum_c_thousands                      0x0800557a   Data           0  lc_numeric_c.o(locale$$data)
    __lcnum_c_grouping                       0x0800557b   Data           0  lc_numeric_c.o(locale$$data)
    locale$$data                             0x0800557c   Section      272  lc_ctype_c.o(locale$$data)
    __lcnum_c_end                            0x0800557c   Data           0  lc_numeric_c.o(locale$$data)
    __lcctype_c_name                         0x08005580   Data           2  lc_ctype_c.o(locale$$data)
    __lcctype_c_start                        0x08005588   Data           0  lc_ctype_c.o(locale$$data)
    __lcctype_c_end                          0x0800568c   Data           0  lc_ctype_c.o(locale$$data)
    .data                                    0x20000000   Section        1  hardware.o(.data)
    .data                                    0x20000004   Section       28  main.o(.data)
    .data                                    0x20000020   Section       32  stm32f10x_it.o(.data)
    .data                                    0x20000040   Section        4  time.o(.data)
    .data                                    0x20000044   Section        4  time1.o(.data)
    .data                                    0x20000048   Section       20  stm32f10x_rcc.o(.data)
    APBAHBPrescTable                         0x20000048   Data          16  stm32f10x_rcc.o(.data)
    ADCPrescTable                            0x20000058   Data           4  stm32f10x_rcc.o(.data)
    .data                                    0x2000005c   Section       20  system_stm32f10x.o(.data)
    .bss                                     0x20000070   Section       96  libspace.o(.bss)
    HEAP                                     0x200000d0   Section      512  startup_stm32f10x_cl.o(HEAP)
    Heap_Mem                                 0x200000d0   Data         512  startup_stm32f10x_cl.o(HEAP)
    STACK                                    0x200002d0   Section     1024  startup_stm32f10x_cl.o(STACK)
    Stack_Mem                                0x200002d0   Data        1024  startup_stm32f10x_cl.o(STACK)
    __initial_sp                             0x200006d0   Data           0  startup_stm32f10x_cl.o(STACK)

    Global Symbols

    Symbol Name                              Value     Ov Type        Size  Object(Section)

    BuildAttributes$$THM_ISAv4$P$D$K$B$S$PE$A:L22UL41UL21$X:L11$S22US41US21$IEEE1$IW$USESV6$~STKCKD$USESV7$~SHL$OTIME$ROPI$IEEEJ$EBA8$UX$STANDARDLIB$REQ8$PRES8$EABIv2 0x00000000   Number         0  anon$$obj.o ABSOLUTE
    __ARM_use_no_argv                        0x00000000   Number         0  main.o ABSOLUTE
    _printf_flags                            0x00000000   Number         0  printf_stubs.o ABSOLUTE
    _printf_return_value                     0x00000000   Number         0  printf_stubs.o ABSOLUTE
    _printf_sizespec                         0x00000000   Number         0  printf_stubs.o ABSOLUTE
    _printf_widthprec                        0x00000000   Number         0  printf_stubs.o ABSOLUTE
    __ARM_exceptions_init                     - Undefined Weak Reference
    __alloca_initialize                       - Undefined Weak Reference
    __cpp_initialize__aeabi_                  - Undefined Weak Reference
    __cxa_finalize                            - Undefined Weak Reference
    __sigvec_lookup                           - Undefined Weak Reference
    _atexit_init                              - Undefined Weak Reference
    _call_atexit_fns                          - Undefined Weak Reference
    _clock_init                               - Undefined Weak Reference
    _fp_trap_init                             - Undefined Weak Reference
    _fp_trap_shutdown                         - Undefined Weak Reference
    _get_lc_collate                           - Undefined Weak Reference
    _get_lc_monetary                          - Undefined Weak Reference
    _get_lc_time                              - Undefined Weak Reference
    _getenv_init                              - Undefined Weak Reference
    _handle_redirection                       - Undefined Weak Reference
    _init_alloc                               - Undefined Weak Reference
    _init_user_alloc                          - Undefined Weak Reference
    _initio                                   - Undefined Weak Reference
    _printf_fp_hex                            - Undefined Weak Reference
    _printf_mbtowc                            - Undefined Weak Reference
    _printf_wc                                - Undefined Weak Reference
    _rand_init                                - Undefined Weak Reference
    _signal_finish                            - Undefined Weak Reference
    _signal_init                              - Undefined Weak Reference
    _terminate_alloc                          - Undefined Weak Reference
    _terminate_user_alloc                     - Undefined Weak Reference
    _terminateio                              - Undefined Weak Reference
    __Vectors_Size                           0x00000150   Number         0  startup_stm32f10x_cl.o ABSOLUTE
    __Vectors                                0x08000000   Data           4  startup_stm32f10x_cl.o(RESET)
    __Vectors_End                            0x08000150   Data           0  startup_stm32f10x_cl.o(RESET)
    __main                                   0x08000151   Thumb Code     8  __main.o(!!!main)
    __scatterload                            0x08000159   Thumb Code     0  __scatter.o(!!!scatter)
    __scatterload_rt2                        0x08000159   Thumb Code    44  __scatter.o(!!!scatter)
    __scatterload_rt2_thumb_only             0x08000159   Thumb Code     0  __scatter.o(!!!scatter)
    __scatterload_null                       0x08000167   Thumb Code     0  __scatter.o(!!!scatter)
    __scatterload_copy                       0x0800018d   Thumb Code    26  __scatter_copy.o(!!handler_copy)
    __scatterload_zeroinit                   0x080001a9   Thumb Code    28  __scatter_zi.o(!!handler_zi)
    _printf_n                                0x080001c5   Thumb Code     0  _printf_n.o(.ARM.Collect$$_printf_percent$$00000001)
    _printf_percent                          0x080001c5   Thumb Code     0  _printf_percent.o(.ARM.Collect$$_printf_percent$$00000000)
    _printf_p                                0x080001cb   Thumb Code     0  _printf_p.o(.ARM.Collect$$_printf_percent$$00000002)
    _printf_f                                0x080001d1   Thumb Code     0  _printf_f.o(.ARM.Collect$$_printf_percent$$00000003)
    _printf_e                                0x080001d7   Thumb Code     0  _printf_e.o(.ARM.Collect$$_printf_percent$$00000004)
    _printf_g                                0x080001dd   Thumb Code     0  _printf_g.o(.ARM.Collect$$_printf_percent$$00000005)
    _printf_a                                0x080001e3   Thumb Code     0  _printf_a.o(.ARM.Collect$$_printf_percent$$00000006)
    _printf_ll                               0x080001e9   Thumb Code     0  _printf_ll.o(.ARM.Collect$$_printf_percent$$00000007)
    _printf_i                                0x080001f3   Thumb Code     0  _printf_i.o(.ARM.Collect$$_printf_percent$$00000008)
    _printf_d                                0x080001f9   Thumb Code     0  _printf_d.o(.ARM.Collect$$_printf_percent$$00000009)
    _printf_u                                0x080001ff   Thumb Code     0  _printf_u.o(.ARM.Collect$$_printf_percent$$0000000A)
    _printf_o                                0x08000205   Thumb Code     0  _printf_o.o(.ARM.Collect$$_printf_percent$$0000000B)
    _printf_x                                0x0800020b   Thumb Code     0  _printf_x.o(.ARM.Collect$$_printf_percent$$0000000C)
    _printf_lli                              0x08000211   Thumb Code     0  _printf_lli.o(.ARM.Collect$$_printf_percent$$0000000D)
    _printf_lld                              0x08000217   Thumb Code     0  _printf_lld.o(.ARM.Collect$$_printf_percent$$0000000E)
    _printf_llu                              0x0800021d   Thumb Code     0  _printf_llu.o(.ARM.Collect$$_printf_percent$$0000000F)
    _printf_llo                              0x08000223   Thumb Code     0  _printf_llo.o(.ARM.Collect$$_printf_percent$$00000010)
    _printf_llx                              0x08000229   Thumb Code     0  _printf_llx.o(.ARM.Collect$$_printf_percent$$00000011)
    _printf_l                                0x0800022f   Thumb Code     0  _printf_l.o(.ARM.Collect$$_printf_percent$$00000012)
    _printf_c                                0x08000239   Thumb Code     0  _printf_c.o(.ARM.Collect$$_printf_percent$$00000013)
    _printf_s                                0x0800023f   Thumb Code     0  _printf_s.o(.ARM.Collect$$_printf_percent$$00000014)
    _printf_lc                               0x08000245   Thumb Code     0  _printf_lc.o(.ARM.Collect$$_printf_percent$$00000015)
    _printf_ls                               0x0800024b   Thumb Code     0  _printf_ls.o(.ARM.Collect$$_printf_percent$$00000016)
    _printf_percent_end                      0x08000251   Thumb Code     0  _printf_percent_end.o(.ARM.Collect$$_printf_percent$$00000017)
    __rt_lib_init                            0x08000255   Thumb Code     0  libinit.o(.ARM.Collect$$libinit$$00000000)
    __rt_lib_init_heap_1                     0x0800025b   Thumb Code     0  libinit2.o(.ARM.Collect$$libinit$$00000006)
    __rt_lib_init_lc_common                  0x0800025b   Thumb Code     0  libinit2.o(.ARM.Collect$$libinit$$0000000B)
    __rt_lib_init_rand_1                     0x0800025b   Thumb Code     0  libinit2.o(.ARM.Collect$$libinit$$0000000A)
    __rt_lib_init_user_alloc_1               0x0800025b   Thumb Code     0  libinit2.o(.ARM.Collect$$libinit$$00000008)
    __rt_lib_init_lc_collate_1               0x08000261   Thumb Code     0  libinit2.o(.ARM.Collect$$libinit$$0000000D)
    __rt_lib_init_lc_ctype_2                 0x08000261   Thumb Code     0  libinit2.o(.ARM.Collect$$libinit$$0000000E)
    __rt_lib_init_lc_ctype_1                 0x0800026d   Thumb Code     0  libinit2.o(.ARM.Collect$$libinit$$0000000F)
    __rt_lib_init_lc_monetary_1              0x0800026d   Thumb Code     0  libinit2.o(.ARM.Collect$$libinit$$00000011)
    __rt_lib_init_lc_numeric_2               0x0800026d   Thumb Code     0  libinit2.o(.ARM.Collect$$libinit$$00000012)
    __rt_lib_init_alloca_1                   0x08000277   Thumb Code     0  libinit2.o(.ARM.Collect$$libinit$$0000002A)
    __rt_lib_init_argv_1                     0x08000277   Thumb Code     0  libinit2.o(.ARM.Collect$$libinit$$00000028)
    __rt_lib_init_atexit_1                   0x08000277   Thumb Code     0  libinit2.o(.ARM.Collect$$libinit$$00000017)
    __rt_lib_init_clock_1                    0x08000277   Thumb Code     0  libinit2.o(.ARM.Collect$$libinit$$0000001D)
    __rt_lib_init_cpp_1                      0x08000277   Thumb Code     0  libinit2.o(.ARM.Collect$$libinit$$0000002E)
    __rt_lib_init_exceptions_1               0x08000277   Thumb Code     0  libinit2.o(.ARM.Collect$$libinit$$0000002C)
    __rt_lib_init_fp_trap_1                  0x08000277   Thumb Code     0  libinit2.o(.ARM.Collect$$libinit$$0000001B)
    __rt_lib_init_getenv_1                   0x08000277   Thumb Code     0  libinit2.o(.ARM.Collect$$libinit$$0000001F)
    __rt_lib_init_lc_numeric_1               0x08000277   Thumb Code     0  libinit2.o(.ARM.Collect$$libinit$$00000013)
    __rt_lib_init_lc_time_1                  0x08000277   Thumb Code     0  libinit2.o(.ARM.Collect$$libinit$$00000015)
    __rt_lib_init_return                     0x08000277   Thumb Code     0  libinit2.o(.ARM.Collect$$libinit$$0000002F)
    __rt_lib_init_signal_1                   0x08000277   Thumb Code     0  libinit2.o(.ARM.Collect$$libinit$$00000019)
    __rt_lib_init_stdio_1                    0x08000277   Thumb Code     0  libinit2.o(.ARM.Collect$$libinit$$00000021)
    __rt_lib_shutdown                        0x08000279   Thumb Code     0  libshutdown.o(.ARM.Collect$$libshutdown$$00000000)
    __rt_lib_shutdown_fp_trap_1              0x0800027b   Thumb Code     0  libshutdown2.o(.ARM.Collect$$libshutdown$$00000006)
    __rt_lib_shutdown_heap_1                 0x0800027b   Thumb Code     0  libshutdown2.o(.ARM.Collect$$libshutdown$$0000000E)
    __rt_lib_shutdown_return                 0x0800027b   Thumb Code     0  libshutdown2.o(.ARM.Collect$$libshutdown$$0000000F)
    __rt_lib_shutdown_signal_1               0x0800027b   Thumb Code     0  libshutdown2.o(.ARM.Collect$$libshutdown$$00000009)
    __rt_lib_shutdown_stdio_1                0x0800027b   Thumb Code     0  libshutdown2.o(.ARM.Collect$$libshutdown$$00000003)
    __rt_lib_shutdown_user_alloc_1           0x0800027b   Thumb Code     0  libshutdown2.o(.ARM.Collect$$libshutdown$$0000000B)
    __rt_entry                               0x0800027d   Thumb Code     0  rtentry.o(.ARM.Collect$$rtentry$$00000000)
    __rt_entry_presh_1                       0x0800027d   Thumb Code     0  rtentry2.o(.ARM.Collect$$rtentry$$00000002)
    __rt_entry_sh                            0x0800027d   Thumb Code     0  rtentry4.o(.ARM.Collect$$rtentry$$00000004)
    __rt_entry_li                            0x08000283   Thumb Code     0  rtentry2.o(.ARM.Collect$$rtentry$$0000000A)
    __rt_entry_postsh_1                      0x08000283   Thumb Code     0  rtentry2.o(.ARM.Collect$$rtentry$$00000009)
    __rt_entry_main                          0x08000287   Thumb Code     0  rtentry2.o(.ARM.Collect$$rtentry$$0000000D)
    __rt_entry_postli_1                      0x08000287   Thumb Code     0  rtentry2.o(.ARM.Collect$$rtentry$$0000000C)
    __rt_exit                                0x0800028f   Thumb Code     0  rtexit.o(.ARM.Collect$$rtexit$$00000000)
    __rt_exit_ls                             0x08000291   Thumb Code     0  rtexit2.o(.ARM.Collect$$rtexit$$00000003)
    __rt_exit_prels_1                        0x08000291   Thumb Code     0  rtexit2.o(.ARM.Collect$$rtexit$$00000002)
    __rt_exit_exit                           0x08000295   Thumb Code     0  rtexit2.o(.ARM.Collect$$rtexit$$00000004)
    GPIO_Configuration                       0x0800029d   Thumb Code   238  hardware.o(.text)
    RCC_Configuration                        0x0800038b   Thumb Code   184  hardware.o(.text)
    USART_Configuration                      0x08000443   Thumb Code    96  hardware.o(.text)
    CAN1_Configuration                       0x080004a3   Thumb Code   140  hardware.o(.text)
    CAN2_Configuration                       0x0800052f   Thumb Code   142  hardware.o(.text)
    NVIC_Configuration                       0x080005bd   Thumb Code   128  hardware.o(.text)
    delay_us                                 0x0800063d   Thumb Code    52  hardware.o(.text)
    delay_ms                                 0x08000671   Thumb Code    18  hardware.o(.text)
    main                                     0x080006a5   Thumb Code   258  main.o(.text)
    Usart1_Send_String                       0x080007e1   Thumb Code    38  printf.o(.text)
    UART1_Print                              0x08000807   Thumb Code    46  printf.o(.text)
    Usart2_Send_String                       0x08000835   Thumb Code    38  printf.o(.text)
    UART2_Print                              0x0800085b   Thumb Code    46  printf.o(.text)
    CAN1_RX0_IRQHandler                      0x08000899   Thumb Code   378  stm32f10x_it.o(.text)
    CAN2_RX0_IRQHandler                      0x08000a13   Thumb Code   152  stm32f10x_it.o(.text)
    Time4_Init                               0x08000b6d   Thumb Code    44  time.o(.text)
    TIM4_IRQHandler                          0x08000b99   Thumb Code    32  time.o(.text)
    TIM3_PWM_Init                            0x08000bc1   Thumb Code   104  pwm.o(.text)
    Time2_Init                               0x08000c31   Thumb Code    46  time1.o(.text)
    TIM2_IRQHandler                          0x08000c5f   Thumb Code    48  time1.o(.text)
    NVIC_PriorityGroupConfig                 0x08000cb5   Thumb Code    10  misc.o(.text)
    NVIC_Init                                0x08000cbf   Thumb Code   118  misc.o(.text)
    NVIC_SetVectorTable                      0x08000d35   Thumb Code    12  misc.o(.text)
    NVIC_SystemLPConfig                      0x08000d41   Thumb Code    38  misc.o(.text)
    SysTick_CLKSourceConfig                  0x08000d67   Thumb Code    40  misc.o(.text)
    CAN_DeInit                               0x08000dad   Thumb Code    50  stm32f10x_can.o(.text)
    CAN_Init                                 0x08000ddf   Thumb Code   284  stm32f10x_can.o(.text)
    CAN_FilterInit                           0x08000efb   Thumb Code   250  stm32f10x_can.o(.text)
    CAN_StructInit                           0x08000ff5   Thumb Code    32  stm32f10x_can.o(.text)
    CAN_SlaveStartBank                       0x08001015   Thumb Code    62  stm32f10x_can.o(.text)
    CAN_DBGFreeze                            0x08001053   Thumb Code    22  stm32f10x_can.o(.text)
    CAN_TTComModeCmd                         0x08001069   Thumb Code   118  stm32f10x_can.o(.text)
    CAN_Transmit                             0x080010df   Thumb Code   332  stm32f10x_can.o(.text)
    CAN_TransmitStatus                       0x0800122b   Thumb Code   138  stm32f10x_can.o(.text)
    CAN_CancelTransmit                       0x080012b5   Thumb Code    48  stm32f10x_can.o(.text)
    CAN_Receive                              0x080012e5   Thumb Code   240  stm32f10x_can.o(.text)
    CAN_FIFORelease                          0x080013d5   Thumb Code    22  stm32f10x_can.o(.text)
    CAN_MessagePending                       0x080013eb   Thumb Code    30  stm32f10x_can.o(.text)
    CAN_OperatingModeRequest                 0x08001409   Thumb Code   162  stm32f10x_can.o(.text)
    CAN_Sleep                                0x080014ab   Thumb Code    30  stm32f10x_can.o(.text)
    CAN_WakeUp                               0x080014c9   Thumb Code    48  stm32f10x_can.o(.text)
    CAN_GetLastErrorCode                     0x080014f9   Thumb Code    12  stm32f10x_can.o(.text)
    CAN_GetReceiveErrorCounter               0x08001505   Thumb Code    10  stm32f10x_can.o(.text)
    CAN_GetLSBTransmitErrorCounter           0x0800150f   Thumb Code    12  stm32f10x_can.o(.text)
    CAN_ITConfig                             0x0800151b   Thumb Code    18  stm32f10x_can.o(.text)
    CAN_GetFlagStatus                        0x0800152d   Thumb Code   120  stm32f10x_can.o(.text)
    CAN_ClearFlag                            0x080015a5   Thumb Code    52  stm32f10x_can.o(.text)
    CAN_GetITStatus                          0x080015e9   Thumb Code   306  stm32f10x_can.o(.text)
    CAN_ClearITPendingBit                    0x0800171b   Thumb Code   162  stm32f10x_can.o(.text)
    FLASH_SetLatency                         0x080017c1   Thumb Code    18  stm32f10x_flash.o(.text)
    FLASH_HalfCycleAccessCmd                 0x080017d3   Thumb Code    22  stm32f10x_flash.o(.text)
    FLASH_PrefetchBufferCmd                  0x080017e9   Thumb Code    22  stm32f10x_flash.o(.text)
    FLASH_Unlock                             0x080017ff   Thumb Code    12  stm32f10x_flash.o(.text)
    FLASH_UnlockBank1                        0x0800180b   Thumb Code    12  stm32f10x_flash.o(.text)
    FLASH_Lock                               0x08001817   Thumb Code    14  stm32f10x_flash.o(.text)
    FLASH_LockBank1                          0x08001825   Thumb Code    14  stm32f10x_flash.o(.text)
    FLASH_GetBank1Status                     0x08001833   Thumb Code    50  stm32f10x_flash.o(.text)
    FLASH_WaitForLastOperation               0x08001865   Thumb Code    38  stm32f10x_flash.o(.text)
    FLASH_ErasePage                          0x0800188b   Thumb Code    72  stm32f10x_flash.o(.text)
    FLASH_EraseAllPages                      0x080018d3   Thumb Code    68  stm32f10x_flash.o(.text)
    FLASH_WaitForLastBank1Operation          0x08001917   Thumb Code    38  stm32f10x_flash.o(.text)
    FLASH_EraseAllBank1Pages                 0x0800193d   Thumb Code    68  stm32f10x_flash.o(.text)
    FLASH_GetReadOutProtectionStatus         0x08001981   Thumb Code    20  stm32f10x_flash.o(.text)
    FLASH_EraseOptionBytes                   0x08001995   Thumb Code   152  stm32f10x_flash.o(.text)
    FLASH_ProgramWord                        0x08001a2d   Thumb Code    96  stm32f10x_flash.o(.text)
    FLASH_ProgramHalfWord                    0x08001a8d   Thumb Code    60  stm32f10x_flash.o(.text)
    FLASH_ProgramOptionByteData              0x08001ac9   Thumb Code    72  stm32f10x_flash.o(.text)
    FLASH_EnableWriteProtection              0x08001b11   Thumb Code   208  stm32f10x_flash.o(.text)
    FLASH_ReadOutProtection                  0x08001be1   Thumb Code   156  stm32f10x_flash.o(.text)
    FLASH_UserOptionByteConfig               0x08001c7d   Thumb Code    88  stm32f10x_flash.o(.text)
    FLASH_GetUserOptionByte                  0x08001cd5   Thumb Code     8  stm32f10x_flash.o(.text)
    FLASH_GetWriteProtectionOptionByte       0x08001cdd   Thumb Code     6  stm32f10x_flash.o(.text)
    FLASH_GetPrefetchBufferStatus            0x08001ce3   Thumb Code    20  stm32f10x_flash.o(.text)
    FLASH_ITConfig                           0x08001cf7   Thumb Code    26  stm32f10x_flash.o(.text)
    FLASH_GetFlagStatus                      0x08001d11   Thumb Code    42  stm32f10x_flash.o(.text)
    FLASH_ClearFlag                          0x08001d3b   Thumb Code     6  stm32f10x_flash.o(.text)
    FLASH_GetStatus                          0x08001d41   Thumb Code    50  stm32f10x_flash.o(.text)
    GPIO_DeInit                              0x08001d89   Thumb Code   172  stm32f10x_gpio.o(.text)
    GPIO_AFIODeInit                          0x08001e35   Thumb Code    20  stm32f10x_gpio.o(.text)
    GPIO_Init                                0x08001e49   Thumb Code   274  stm32f10x_gpio.o(.text)
    GPIO_StructInit                          0x08001f5b   Thumb Code    16  stm32f10x_gpio.o(.text)
    GPIO_ReadInputDataBit                    0x08001f6b   Thumb Code    18  stm32f10x_gpio.o(.text)
    GPIO_ReadInputData                       0x08001f7d   Thumb Code     8  stm32f10x_gpio.o(.text)
    GPIO_ReadOutputDataBit                   0x08001f85   Thumb Code    18  stm32f10x_gpio.o(.text)
    GPIO_ReadOutputData                      0x08001f97   Thumb Code     8  stm32f10x_gpio.o(.text)
    GPIO_SetBits                             0x08001f9f   Thumb Code     4  stm32f10x_gpio.o(.text)
    GPIO_ResetBits                           0x08001fa3   Thumb Code     4  stm32f10x_gpio.o(.text)
    GPIO_WriteBit                            0x08001fa7   Thumb Code    10  stm32f10x_gpio.o(.text)
    GPIO_Write                               0x08001fb1   Thumb Code     4  stm32f10x_gpio.o(.text)
    GPIO_PinLockConfig                       0x08001fb5   Thumb Code    18  stm32f10x_gpio.o(.text)
    GPIO_EventOutputConfig                   0x08001fc7   Thumb Code    26  stm32f10x_gpio.o(.text)
    GPIO_EventOutputCmd                      0x08001fe1   Thumb Code     6  stm32f10x_gpio.o(.text)
    GPIO_PinRemapConfig                      0x08001fe7   Thumb Code   138  stm32f10x_gpio.o(.text)
    GPIO_EXTILineConfig                      0x08002071   Thumb Code    66  stm32f10x_gpio.o(.text)
    GPIO_ETH_MediaInterfaceConfig            0x080020b3   Thumb Code     6  stm32f10x_gpio.o(.text)
    RCC_DeInit                               0x080020e1   Thumb Code    78  stm32f10x_rcc.o(.text)
    RCC_HSEConfig                            0x0800212f   Thumb Code    70  stm32f10x_rcc.o(.text)
    RCC_GetFlagStatus                        0x08002175   Thumb Code    56  stm32f10x_rcc.o(.text)
    RCC_WaitForHSEStartUp                    0x080021ad   Thumb Code    48  stm32f10x_rcc.o(.text)
    RCC_AdjustHSICalibrationValue            0x080021dd   Thumb Code    20  stm32f10x_rcc.o(.text)
    RCC_HSICmd                               0x080021f1   Thumb Code     6  stm32f10x_rcc.o(.text)
    RCC_PLLConfig                            0x080021f7   Thumb Code    24  stm32f10x_rcc.o(.text)
    RCC_PLLCmd                               0x0800220f   Thumb Code     6  stm32f10x_rcc.o(.text)
    RCC_PREDIV1Config                        0x08002215   Thumb Code    24  stm32f10x_rcc.o(.text)
    RCC_PREDIV2Config                        0x0800222d   Thumb Code    18  stm32f10x_rcc.o(.text)
    RCC_PLL2Config                           0x0800223f   Thumb Code    18  stm32f10x_rcc.o(.text)
    RCC_PLL2Cmd                              0x08002251   Thumb Code     6  stm32f10x_rcc.o(.text)
    RCC_PLL3Config                           0x08002257   Thumb Code    18  stm32f10x_rcc.o(.text)
    RCC_PLL3Cmd                              0x08002269   Thumb Code     6  stm32f10x_rcc.o(.text)
    RCC_SYSCLKConfig                         0x0800226f   Thumb Code    18  stm32f10x_rcc.o(.text)
    RCC_GetSYSCLKSource                      0x08002281   Thumb Code    10  stm32f10x_rcc.o(.text)
    RCC_HCLKConfig                           0x0800228b   Thumb Code    18  stm32f10x_rcc.o(.text)
    RCC_PCLK1Config                          0x0800229d   Thumb Code    18  stm32f10x_rcc.o(.text)
    RCC_PCLK2Config                          0x080022af   Thumb Code    20  stm32f10x_rcc.o(.text)
    RCC_ITConfig                             0x080022c3   Thumb Code    30  stm32f10x_rcc.o(.text)
    RCC_OTGFSCLKConfig                       0x080022e1   Thumb Code     6  stm32f10x_rcc.o(.text)
    RCC_ADCCLKConfig                         0x080022e7   Thumb Code    18  stm32f10x_rcc.o(.text)
    RCC_I2S2CLKConfig                        0x080022f9   Thumb Code     6  stm32f10x_rcc.o(.text)
    RCC_I2S3CLKConfig                        0x080022ff   Thumb Code     6  stm32f10x_rcc.o(.text)
    RCC_LSEConfig                            0x08002305   Thumb Code    44  stm32f10x_rcc.o(.text)
    RCC_LSICmd                               0x08002331   Thumb Code     6  stm32f10x_rcc.o(.text)
    RCC_RTCCLKConfig                         0x08002337   Thumb Code    12  stm32f10x_rcc.o(.text)
    RCC_RTCCLKCmd                            0x08002343   Thumb Code     6  stm32f10x_rcc.o(.text)
    RCC_GetClocksFreq                        0x08002349   Thumb Code   374  stm32f10x_rcc.o(.text)
    RCC_AHBPeriphClockCmd                    0x080024bf   Thumb Code    86  stm32f10x_rcc.o(.text)
    RCC_APB2PeriphClockCmd                   0x08002515   Thumb Code    26  stm32f10x_rcc.o(.text)
    RCC_APB1PeriphClockCmd                   0x0800252f   Thumb Code    26  stm32f10x_rcc.o(.text)
    RCC_AHBPeriphResetCmd                    0x08002549   Thumb Code    26  stm32f10x_rcc.o(.text)
    RCC_APB2PeriphResetCmd                   0x08002563   Thumb Code    26  stm32f10x_rcc.o(.text)
    RCC_APB1PeriphResetCmd                   0x0800257d   Thumb Code    26  stm32f10x_rcc.o(.text)
    RCC_BackupResetCmd                       0x08002597   Thumb Code     6  stm32f10x_rcc.o(.text)
    RCC_ClockSecuritySystemCmd               0x0800259d   Thumb Code     6  stm32f10x_rcc.o(.text)
    RCC_MCOConfig                            0x080025a3   Thumb Code     6  stm32f10x_rcc.o(.text)
    RCC_ClearFlag                            0x080025a9   Thumb Code    14  stm32f10x_rcc.o(.text)
    RCC_GetITStatus                          0x080025b7   Thumb Code    20  stm32f10x_rcc.o(.text)
    RCC_ClearITPendingBit                    0x080025cb   Thumb Code     6  stm32f10x_rcc.o(.text)
    TIM_DeInit                               0x080025dd   Thumb Code   424  stm32f10x_tim.o(.text)
    TIM_TimeBaseInit                         0x08002785   Thumb Code   122  stm32f10x_tim.o(.text)
    TIM_OC1Init                              0x080027ff   Thumb Code   132  stm32f10x_tim.o(.text)
    TIM_OC2Init                              0x08002883   Thumb Code   146  stm32f10x_tim.o(.text)
    TIM_OC3Init                              0x08002915   Thumb Code   142  stm32f10x_tim.o(.text)
    TIM_OC4Init                              0x080029a3   Thumb Code   172  stm32f10x_tim.o(.text)
    TIM_SetIC4Prescaler                      0x08002a4f   Thumb Code    22  stm32f10x_tim.o(.text)
    TIM_SetIC3Prescaler                      0x08002adb   Thumb Code    18  stm32f10x_tim.o(.text)
    TIM_SetIC2Prescaler                      0x08002b5f   Thumb Code    22  stm32f10x_tim.o(.text)
    TIM_SetIC1Prescaler                      0x08002beb   Thumb Code    18  stm32f10x_tim.o(.text)
    TIM_ICInit                               0x08002c67   Thumb Code   150  stm32f10x_tim.o(.text)
    TIM_PWMIConfig                           0x08002cfd   Thumb Code   124  stm32f10x_tim.o(.text)
    TIM_BDTRConfig                           0x08002d79   Thumb Code    32  stm32f10x_tim.o(.text)
    TIM_TimeBaseStructInit                   0x08002d99   Thumb Code    18  stm32f10x_tim.o(.text)
    TIM_OCStructInit                         0x08002dab   Thumb Code    20  stm32f10x_tim.o(.text)
    TIM_ICStructInit                         0x08002dbf   Thumb Code    18  stm32f10x_tim.o(.text)
    TIM_BDTRStructInit                       0x08002dd1   Thumb Code    18  stm32f10x_tim.o(.text)
    TIM_Cmd                                  0x08002de3   Thumb Code    24  stm32f10x_tim.o(.text)
    TIM_CtrlPWMOutputs                       0x08002dfb   Thumb Code    52  stm32f10x_tim.o(.text)
    TIM_ITConfig                             0x08002e2f   Thumb Code    24  stm32f10x_tim.o(.text)
    TIM_GenerateEvent                        0x08002e47   Thumb Code     4  stm32f10x_tim.o(.text)
    TIM_DMAConfig                            0x08002e4b   Thumb Code    10  stm32f10x_tim.o(.text)
    TIM_DMACmd                               0x08002e55   Thumb Code    24  stm32f10x_tim.o(.text)
    TIM_InternalClockConfig                  0x08002e6d   Thumb Code    12  stm32f10x_tim.o(.text)
    TIM_SelectInputTrigger                   0x08002e79   Thumb Code    18  stm32f10x_tim.o(.text)
    TIM_ITRxExternalClockConfig              0x08002e8b   Thumb Code    24  stm32f10x_tim.o(.text)
    TIM_TIxExternalClockConfig               0x08002ea3   Thumb Code    62  stm32f10x_tim.o(.text)
    TIM_ETRConfig                            0x08002ee1   Thumb Code    24  stm32f10x_tim.o(.text)
    TIM_ETRClockMode1Config                  0x08002ef9   Thumb Code    54  stm32f10x_tim.o(.text)
    TIM_ETRClockMode2Config                  0x08002f2f   Thumb Code    32  stm32f10x_tim.o(.text)
    TIM_PrescalerConfig                      0x08002f4f   Thumb Code     6  stm32f10x_tim.o(.text)
    TIM_CounterModeConfig                    0x08002f55   Thumb Code    18  stm32f10x_tim.o(.text)
    TIM_EncoderInterfaceConfig               0x08002f67   Thumb Code    62  stm32f10x_tim.o(.text)
    TIM_ForcedOC1Config                      0x08002fa5   Thumb Code    18  stm32f10x_tim.o(.text)
    TIM_ForcedOC2Config                      0x08002fb7   Thumb Code    22  stm32f10x_tim.o(.text)
    TIM_ForcedOC3Config                      0x08002fcd   Thumb Code    18  stm32f10x_tim.o(.text)
    TIM_ForcedOC4Config                      0x08002fdf   Thumb Code    22  stm32f10x_tim.o(.text)
    TIM_ARRPreloadConfig                     0x08002ff5   Thumb Code    24  stm32f10x_tim.o(.text)
    TIM_SelectCOM                            0x0800300d   Thumb Code    24  stm32f10x_tim.o(.text)
    TIM_SelectCCDMA                          0x08003025   Thumb Code    24  stm32f10x_tim.o(.text)
    TIM_CCPreloadControl                     0x0800303d   Thumb Code    24  stm32f10x_tim.o(.text)
    TIM_OC1PreloadConfig                     0x08003055   Thumb Code    18  stm32f10x_tim.o(.text)
    TIM_OC2PreloadConfig                     0x08003067   Thumb Code    22  stm32f10x_tim.o(.text)
    TIM_OC3PreloadConfig                     0x0800307d   Thumb Code    18  stm32f10x_tim.o(.text)
    TIM_OC4PreloadConfig                     0x0800308f   Thumb Code    22  stm32f10x_tim.o(.text)
    TIM_OC1FastConfig                        0x080030a5   Thumb Code    18  stm32f10x_tim.o(.text)
    TIM_OC2FastConfig                        0x080030b7   Thumb Code    22  stm32f10x_tim.o(.text)
    TIM_OC3FastConfig                        0x080030cd   Thumb Code    18  stm32f10x_tim.o(.text)
    TIM_OC4FastConfig                        0x080030df   Thumb Code    22  stm32f10x_tim.o(.text)
    TIM_ClearOC1Ref                          0x080030f5   Thumb Code    18  stm32f10x_tim.o(.text)
    TIM_ClearOC2Ref                          0x08003107   Thumb Code    20  stm32f10x_tim.o(.text)
    TIM_ClearOC3Ref                          0x0800311b   Thumb Code    18  stm32f10x_tim.o(.text)
    TIM_ClearOC4Ref                          0x0800312d   Thumb Code    20  stm32f10x_tim.o(.text)
    TIM_OC1PolarityConfig                    0x08003141   Thumb Code    18  stm32f10x_tim.o(.text)
    TIM_OC1NPolarityConfig                   0x08003153   Thumb Code    18  stm32f10x_tim.o(.text)
    TIM_OC2PolarityConfig                    0x08003165   Thumb Code    22  stm32f10x_tim.o(.text)
    TIM_OC2NPolarityConfig                   0x0800317b   Thumb Code    22  stm32f10x_tim.o(.text)
    TIM_OC3PolarityConfig                    0x08003191   Thumb Code    22  stm32f10x_tim.o(.text)
    TIM_OC3NPolarityConfig                   0x080031a7   Thumb Code    22  stm32f10x_tim.o(.text)
    TIM_OC4PolarityConfig                    0x080031bd   Thumb Code    22  stm32f10x_tim.o(.text)
    TIM_CCxCmd                               0x080031d3   Thumb Code    34  stm32f10x_tim.o(.text)
    TIM_CCxNCmd                              0x080031f5   Thumb Code    34  stm32f10x_tim.o(.text)
    TIM_SelectOCxM                           0x08003217   Thumb Code    82  stm32f10x_tim.o(.text)
    TIM_UpdateDisableConfig                  0x08003269   Thumb Code    24  stm32f10x_tim.o(.text)
    TIM_UpdateRequestConfig                  0x08003281   Thumb Code    24  stm32f10x_tim.o(.text)
    TIM_SelectHallSensor                     0x08003299   Thumb Code    24  stm32f10x_tim.o(.text)
    TIM_SelectOnePulseMode                   0x080032b1   Thumb Code    18  stm32f10x_tim.o(.text)
    TIM_SelectOutputTrigger                  0x080032c3   Thumb Code    18  stm32f10x_tim.o(.text)
    TIM_SelectSlaveMode                      0x080032d5   Thumb Code    18  stm32f10x_tim.o(.text)
    TIM_SelectMasterSlaveMode                0x080032e7   Thumb Code    18  stm32f10x_tim.o(.text)
    TIM_SetCounter                           0x080032f9   Thumb Code     4  stm32f10x_tim.o(.text)
    TIM_SetAutoreload                        0x080032fd   Thumb Code     4  stm32f10x_tim.o(.text)
    TIM_SetCompare1                          0x08003301   Thumb Code     4  stm32f10x_tim.o(.text)
    TIM_SetCompare2                          0x08003305   Thumb Code     4  stm32f10x_tim.o(.text)
    TIM_SetCompare3                          0x08003309   Thumb Code     4  stm32f10x_tim.o(.text)
    TIM_SetCompare4                          0x0800330d   Thumb Code     6  stm32f10x_tim.o(.text)
    TIM_SetClockDivision                     0x08003313   Thumb Code    18  stm32f10x_tim.o(.text)
    TIM_GetCapture1                          0x08003325   Thumb Code     6  stm32f10x_tim.o(.text)
    TIM_GetCapture2                          0x0800332b   Thumb Code     6  stm32f10x_tim.o(.text)
    TIM_GetCapture3                          0x08003331   Thumb Code     6  stm32f10x_tim.o(.text)
    TIM_GetCapture4                          0x08003337   Thumb Code     8  stm32f10x_tim.o(.text)
    TIM_GetCounter                           0x0800333f   Thumb Code     6  stm32f10x_tim.o(.text)
    TIM_GetPrescaler                         0x08003345   Thumb Code     6  stm32f10x_tim.o(.text)
    TIM_GetFlagStatus                        0x0800334b   Thumb Code    18  stm32f10x_tim.o(.text)
    TIM_ClearFlag                            0x0800335d   Thumb Code     6  stm32f10x_tim.o(.text)
    TIM_GetITStatus                          0x08003363   Thumb Code    34  stm32f10x_tim.o(.text)
    TIM_ClearITPendingBit                    0x08003385   Thumb Code     6  stm32f10x_tim.o(.text)
    USART_DeInit                             0x0800338d   Thumb Code   134  stm32f10x_usart.o(.text)
    USART_Init                               0x08003413   Thumb Code   210  stm32f10x_usart.o(.text)
    USART_StructInit                         0x080034e5   Thumb Code    24  stm32f10x_usart.o(.text)
    USART_ClockInit                          0x080034fd   Thumb Code    34  stm32f10x_usart.o(.text)
    USART_ClockStructInit                    0x0800351f   Thumb Code    12  stm32f10x_usart.o(.text)
    USART_Cmd                                0x0800352b   Thumb Code    24  stm32f10x_usart.o(.text)
    USART_ITConfig                           0x08003543   Thumb Code    74  stm32f10x_usart.o(.text)
    USART_DMACmd                             0x0800358d   Thumb Code    24  stm32f10x_usart.o(.text)
    USART_SetAddress                         0x080035a5   Thumb Code    18  stm32f10x_usart.o(.text)
    USART_WakeUpConfig                       0x080035b7   Thumb Code    18  stm32f10x_usart.o(.text)
    USART_ReceiverWakeUpCmd                  0x080035c9   Thumb Code    24  stm32f10x_usart.o(.text)
    USART_LINBreakDetectLengthConfig         0x080035e1   Thumb Code    18  stm32f10x_usart.o(.text)
    USART_LINCmd                             0x080035f3   Thumb Code    24  stm32f10x_usart.o(.text)
    USART_SendData                           0x0800360b   Thumb Code     8  stm32f10x_usart.o(.text)
    USART_ReceiveData                        0x08003613   Thumb Code    10  stm32f10x_usart.o(.text)
    USART_SendBreak                          0x0800361d   Thumb Code    10  stm32f10x_usart.o(.text)
    USART_SetGuardTime                       0x08003627   Thumb Code    16  stm32f10x_usart.o(.text)
    USART_SetPrescaler                       0x08003637   Thumb Code    16  stm32f10x_usart.o(.text)
    USART_SmartCardCmd                       0x08003647   Thumb Code    24  stm32f10x_usart.o(.text)
    USART_SmartCardNACKCmd                   0x0800365f   Thumb Code    24  stm32f10x_usart.o(.text)
    USART_HalfDuplexCmd                      0x08003677   Thumb Code    24  stm32f10x_usart.o(.text)
    USART_OverSampling8Cmd                   0x0800368f   Thumb Code    22  stm32f10x_usart.o(.text)
    USART_OneBitMethodCmd                    0x080036a5   Thumb Code    24  stm32f10x_usart.o(.text)
    USART_IrDAConfig                         0x080036bd   Thumb Code    18  stm32f10x_usart.o(.text)
    USART_IrDACmd                            0x080036cf   Thumb Code    24  stm32f10x_usart.o(.text)
    USART_GetFlagStatus                      0x080036e7   Thumb Code    26  stm32f10x_usart.o(.text)
    USART_ClearFlag                          0x08003701   Thumb Code    18  stm32f10x_usart.o(.text)
    USART_GetITStatus                        0x08003713   Thumb Code    84  stm32f10x_usart.o(.text)
    USART_ClearITPendingBit                  0x08003767   Thumb Code    50  stm32f10x_usart.o(.text)
    SystemInit                               0x08003891   Thumb Code    92  system_stm32f10x.o(.text)
    SystemCoreClockUpdate                    0x080038ed   Thumb Code   232  system_stm32f10x.o(.text)
    Reset_Handler                            0x08003a01   Thumb Code     8  startup_stm32f10x_cl.o(.text)
    NMI_Handler                              0x08003a09   Thumb Code     2  startup_stm32f10x_cl.o(.text)
    HardFault_Handler                        0x08003a0b   Thumb Code     2  startup_stm32f10x_cl.o(.text)
    MemManage_Handler                        0x08003a0d   Thumb Code     2  startup_stm32f10x_cl.o(.text)
    BusFault_Handler                         0x08003a0f   Thumb Code     2  startup_stm32f10x_cl.o(.text)
    UsageFault_Handler                       0x08003a11   Thumb Code     2  startup_stm32f10x_cl.o(.text)
    SVC_Handler                              0x08003a13   Thumb Code     2  startup_stm32f10x_cl.o(.text)
    DebugMon_Handler                         0x08003a15   Thumb Code     2  startup_stm32f10x_cl.o(.text)
    PendSV_Handler                           0x08003a17   Thumb Code     2  startup_stm32f10x_cl.o(.text)
    SysTick_Handler                          0x08003a19   Thumb Code     2  startup_stm32f10x_cl.o(.text)
    ADC1_2_IRQHandler                        0x08003a1b   Thumb Code     0  startup_stm32f10x_cl.o(.text)
    CAN1_RX1_IRQHandler                      0x08003a1b   Thumb Code     0  startup_stm32f10x_cl.o(.text)
    CAN1_SCE_IRQHandler                      0x08003a1b   Thumb Code     0  startup_stm32f10x_cl.o(.text)
    CAN1_TX_IRQHandler                       0x08003a1b   Thumb Code     0  startup_stm32f10x_cl.o(.text)
    CAN2_RX1_IRQHandler                      0x08003a1b   Thumb Code     0  startup_stm32f10x_cl.o(.text)
    CAN2_SCE_IRQHandler                      0x08003a1b   Thumb Code     0  startup_stm32f10x_cl.o(.text)
    CAN2_TX_IRQHandler                       0x08003a1b   Thumb Code     0  startup_stm32f10x_cl.o(.text)
    DMA1_Channel1_IRQHandler                 0x08003a1b   Thumb Code     0  startup_stm32f10x_cl.o(.text)
    DMA1_Channel2_IRQHandler                 0x08003a1b   Thumb Code     0  startup_stm32f10x_cl.o(.text)
    DMA1_Channel3_IRQHandler                 0x08003a1b   Thumb Code     0  startup_stm32f10x_cl.o(.text)
    DMA1_Channel4_IRQHandler                 0x08003a1b   Thumb Code     0  startup_stm32f10x_cl.o(.text)
    DMA1_Channel5_IRQHandler                 0x08003a1b   Thumb Code     0  startup_stm32f10x_cl.o(.text)
    DMA1_Channel6_IRQHandler                 0x08003a1b   Thumb Code     0  startup_stm32f10x_cl.o(.text)
    DMA1_Channel7_IRQHandler                 0x08003a1b   Thumb Code     0  startup_stm32f10x_cl.o(.text)
    DMA2_Channel1_IRQHandler                 0x08003a1b   Thumb Code     0  startup_stm32f10x_cl.o(.text)
    DMA2_Channel2_IRQHandler                 0x08003a1b   Thumb Code     0  startup_stm32f10x_cl.o(.text)
    DMA2_Channel3_IRQHandler                 0x08003a1b   Thumb Code     0  startup_stm32f10x_cl.o(.text)
    DMA2_Channel4_IRQHandler                 0x08003a1b   Thumb Code     0  startup_stm32f10x_cl.o(.text)
    DMA2_Channel5_IRQHandler                 0x08003a1b   Thumb Code     0  startup_stm32f10x_cl.o(.text)
    ETH_IRQHandler                           0x08003a1b   Thumb Code     0  startup_stm32f10x_cl.o(.text)
    ETH_WKUP_IRQHandler                      0x08003a1b   Thumb Code     0  startup_stm32f10x_cl.o(.text)
    EXTI0_IRQHandler                         0x08003a1b   Thumb Code     0  startup_stm32f10x_cl.o(.text)
    EXTI15_10_IRQHandler                     0x08003a1b   Thumb Code     0  startup_stm32f10x_cl.o(.text)
    EXTI1_IRQHandler                         0x08003a1b   Thumb Code     0  startup_stm32f10x_cl.o(.text)
    EXTI2_IRQHandler                         0x08003a1b   Thumb Code     0  startup_stm32f10x_cl.o(.text)
    EXTI3_IRQHandler                         0x08003a1b   Thumb Code     0  startup_stm32f10x_cl.o(.text)
    EXTI4_IRQHandler                         0x08003a1b   Thumb Code     0  startup_stm32f10x_cl.o(.text)
    EXTI9_5_IRQHandler                       0x08003a1b   Thumb Code     0  startup_stm32f10x_cl.o(.text)
    FLASH_IRQHandler                         0x08003a1b   Thumb Code     0  startup_stm32f10x_cl.o(.text)
    I2C1_ER_IRQHandler                       0x08003a1b   Thumb Code     0  startup_stm32f10x_cl.o(.text)
    I2C1_EV_IRQHandler                       0x08003a1b   Thumb Code     0  startup_stm32f10x_cl.o(.text)
    I2C2_ER_IRQHandler                       0x08003a1b   Thumb Code     0  startup_stm32f10x_cl.o(.text)
    I2C2_EV_IRQHandler                       0x08003a1b   Thumb Code     0  startup_stm32f10x_cl.o(.text)
    OTG_FS_IRQHandler                        0x08003a1b   Thumb Code     0  startup_stm32f10x_cl.o(.text)
    OTG_FS_WKUP_IRQHandler                   0x08003a1b   Thumb Code     0  startup_stm32f10x_cl.o(.text)
    PVD_IRQHandler                           0x08003a1b   Thumb Code     0  startup_stm32f10x_cl.o(.text)
    RCC_IRQHandler                           0x08003a1b   Thumb Code     0  startup_stm32f10x_cl.o(.text)
    RTCAlarm_IRQHandler                      0x08003a1b   Thumb Code     0  startup_stm32f10x_cl.o(.text)
    RTC_IRQHandler                           0x08003a1b   Thumb Code     0  startup_stm32f10x_cl.o(.text)
    SPI1_IRQHandler                          0x08003a1b   Thumb Code     0  startup_stm32f10x_cl.o(.text)
    SPI2_IRQHandler                          0x08003a1b   Thumb Code     0  startup_stm32f10x_cl.o(.text)
    SPI3_IRQHandler                          0x08003a1b   Thumb Code     0  startup_stm32f10x_cl.o(.text)
    TAMPER_IRQHandler                        0x08003a1b   Thumb Code     0  startup_stm32f10x_cl.o(.text)
    TIM1_BRK_IRQHandler                      0x08003a1b   Thumb Code     0  startup_stm32f10x_cl.o(.text)
    TIM1_CC_IRQHandler                       0x08003a1b   Thumb Code     0  startup_stm32f10x_cl.o(.text)
    TIM1_TRG_COM_IRQHandler                  0x08003a1b   Thumb Code     0  startup_stm32f10x_cl.o(.text)
    TIM1_UP_IRQHandler                       0x08003a1b   Thumb Code     0  startup_stm32f10x_cl.o(.text)
    TIM3_IRQHandler                          0x08003a1b   Thumb Code     0  startup_stm32f10x_cl.o(.text)
    TIM5_IRQHandler                          0x08003a1b   Thumb Code     0  startup_stm32f10x_cl.o(.text)
    TIM6_IRQHandler                          0x08003a1b   Thumb Code     0  startup_stm32f10x_cl.o(.text)
    TIM7_IRQHandler                          0x08003a1b   Thumb Code     0  startup_stm32f10x_cl.o(.text)
    UART4_IRQHandler                         0x08003a1b   Thumb Code     0  startup_stm32f10x_cl.o(.text)
    UART5_IRQHandler                         0x08003a1b   Thumb Code     0  startup_stm32f10x_cl.o(.text)
    USART1_IRQHandler                        0x08003a1b   Thumb Code     0  startup_stm32f10x_cl.o(.text)
    USART2_IRQHandler                        0x08003a1b   Thumb Code     0  startup_stm32f10x_cl.o(.text)
    USART3_IRQHandler                        0x08003a1b   Thumb Code     0  startup_stm32f10x_cl.o(.text)
    WWDG_IRQHandler                          0x08003a1b   Thumb Code     0  startup_stm32f10x_cl.o(.text)
    __user_initial_stackheap                 0x08003a1d   Thumb Code     0  startup_stm32f10x_cl.o(.text)
    __c89vsprintf                            0x08003a41   Thumb Code    32  c89vsprintf.o(.text)
    __aeabi_memclr4                          0x08003a65   Thumb Code     0  rt_memclr_w.o(.text)
    __aeabi_memclr8                          0x08003a65   Thumb Code     0  rt_memclr_w.o(.text)
    __rt_memclr_w                            0x08003a65   Thumb Code    78  rt_memclr_w.o(.text)
    _memset_w                                0x08003a69   Thumb Code     0  rt_memclr_w.o(.text)
    __use_two_region_memory                  0x08003ab3   Thumb Code     2  heapauxi.o(.text)
    __rt_heap_escrow$2region                 0x08003ab5   Thumb Code     2  heapauxi.o(.text)
    __rt_heap_expand$2region                 0x08003ab7   Thumb Code     2  heapauxi.o(.text)
    _printf_pre_padding                      0x08003ab9   Thumb Code    44  _printf_pad.o(.text)
    _printf_post_padding                     0x08003ae5   Thumb Code    36  _printf_pad.o(.text)
    _printf_truncate_signed                  0x08003b09   Thumb Code    18  _printf_truncate.o(.text)
    _printf_truncate_unsigned                0x08003b1b   Thumb Code    18  _printf_truncate.o(.text)
    _printf_str                              0x08003b2d   Thumb Code    82  _printf_str.o(.text)
    _printf_int_dec                          0x08003b81   Thumb Code    98  _printf_dec.o(.text)
    _printf_charcount                        0x08003bf5   Thumb Code    42  _printf_charcount.o(.text)
    _printf_char_common                      0x08003c2b   Thumb Code    32  _printf_char_common.o(.text)
    _sputc                                   0x08003c51   Thumb Code    10  _sputc.o(.text)
    _printf_wctomb                           0x08003c5d   Thumb Code   182  _printf_wctomb.o(.text)
    _printf_longlong_dec                     0x08003d19   Thumb Code   104  _printf_longlong_dec.o(.text)
    _printf_longlong_oct                     0x08003d91   Thumb Code    76  _printf_oct_int_ll.o(.text)
    _printf_int_oct                          0x08003ddd   Thumb Code    24  _printf_oct_int_ll.o(.text)
    _printf_ll_oct                           0x08003df5   Thumb Code    12  _printf_oct_int_ll.o(.text)
    _printf_longlong_hex                     0x08003e09   Thumb Code    92  _printf_hex_int_ll_ptr.o(.text)
    _printf_int_hex                          0x08003e65   Thumb Code    28  _printf_hex_int_ll_ptr.o(.text)
    _printf_ll_hex                           0x08003e81   Thumb Code    12  _printf_hex_int_ll_ptr.o(.text)
    _printf_hex_ptr                          0x08003e8d   Thumb Code    18  _printf_hex_int_ll_ptr.o(.text)
    __printf                                 0x08003ea5   Thumb Code   406  __printf_flags_ss_wp.o(.text)
    _ll_udiv10                               0x08004041   Thumb Code   138  lludiv10.o(.text)
    _printf_int_common                       0x080040cb   Thumb Code   180  _printf_intcommon.o(.text)
    __lib_sel_fp_printf                      0x0800417f   Thumb Code     2  _printf_fp_dec.o(.text)
    _printf_fp_dec_real                      0x08004325   Thumb Code   616  _printf_fp_dec.o(.text)
    _printf_cs_common                        0x0800458d   Thumb Code    20  _printf_char.o(.text)
    _printf_char                             0x080045a1   Thumb Code    16  _printf_char.o(.text)
    _printf_string                           0x080045b1   Thumb Code     8  _printf_char.o(.text)
    _printf_lcs_common                       0x080045b9   Thumb Code    20  _printf_wchar.o(.text)
    _printf_wchar                            0x080045cd   Thumb Code    16  _printf_wchar.o(.text)
    _printf_wstring                          0x080045dd   Thumb Code     8  _printf_wchar.o(.text)
    _wcrtomb                                 0x080045e5   Thumb Code    64  _wcrtomb.o(.text)
    __rt_udiv10                              0x08004625   Thumb Code    16  rtudiv10.o(.text)
    __user_setup_stackheap                   0x08004635   Thumb Code    74  sys_stackheap_outer.o(.text)
    __rt_ctype_table                         0x08004681   Thumb Code    16  rt_ctype_table.o(.text)
    __rt_locale                              0x08004691   Thumb Code    12  rt_locale_intlibspace.o(.text)
    _printf_fp_infnan                        0x0800469d   Thumb Code   108  _printf_fp_infnan.o(.text)
    _btod_etento                             0x08004719   Thumb Code   230  bigflt0.o(.text)
    exit                                     0x08004805   Thumb Code    12  exit.o(.text)
    __user_libspace                          0x08004811   Thumb Code     8  libspace.o(.text)
    __user_perproc_libspace                  0x08004811   Thumb Code     0  libspace.o(.text)
    __user_perthread_libspace                0x08004811   Thumb Code     0  libspace.o(.text)
    strcmp                                   0x08004819   Thumb Code   128  strcmpv7m.o(.text)
    __rt_fp_status_addr                      0x08004899   Thumb Code    12  rt_fp_status_addr_intlibspace.o(.text)
    _sys_exit                                0x080048a5   Thumb Code     8  sys_exit.o(.text)
    __I$use$semihosting                      0x080048b1   Thumb Code     0  use_no_semi.o(.text)
    __use_no_semihosting_swi                 0x080048b1   Thumb Code     2  use_no_semi.o(.text)
    _btod_d2e                                0x080048b3   Thumb Code    62  btod.o(CL$$btod_d2e)
    _d2e_denorm_low                          0x080048f1   Thumb Code    70  btod.o(CL$$btod_d2e_denorm_low)
    _d2e_norm_op1                            0x08004937   Thumb Code    96  btod.o(CL$$btod_d2e_norm_op1)
    __btod_div_common                        0x08004997   Thumb Code   696  btod.o(CL$$btod_div_common)
    _e2e                                     0x08004ccf   Thumb Code   198  btod.o(CL$$btod_e2e)
    _btod_ediv                               0x08004d95   Thumb Code    40  btod.o(CL$$btod_ediv)
    _btod_emul                               0x08004dbd   Thumb Code    40  btod.o(CL$$btod_emul)
    __btod_mult_common                       0x08004de5   Thumb Code   580  btod.o(CL$$btod_mult_common)
    __ARM_fpclassify                         0x08005029   Thumb Code    40  fpclassify.o(i.__ARM_fpclassify)
    _get_lc_numeric                          0x08005051   Thumb Code    44  lc_numeric_c.o(locale$$code)
    _get_lc_ctype                            0x0800507d   Thumb Code    44  lc_ctype_c.o(locale$$code)
    __aeabi_fdiv                             0x080050a9   Thumb Code     0  fdiv.o(x$fpl$fdiv)
    _fdiv                                    0x080050a9   Thumb Code   384  fdiv.o(x$fpl$fdiv)
    __aeabi_f2iz                             0x0800522d   Thumb Code     0  ffix.o(x$fpl$ffix)
    _ffix                                    0x0800522d   Thumb Code    54  ffix.o(x$fpl$ffix)
    __aeabi_i2f                              0x08005265   Thumb Code     0  fflt_clz.o(x$fpl$fflt)
    _fflt                                    0x08005265   Thumb Code    48  fflt_clz.o(x$fpl$fflt)
    __aeabi_ui2f                             0x08005295   Thumb Code     0  fflt_clz.o(x$fpl$ffltu)
    _ffltu                                   0x08005295   Thumb Code    38  fflt_clz.o(x$fpl$ffltu)
    __aeabi_fmul                             0x080052bd   Thumb Code     0  fmul.o(x$fpl$fmul)
    _fmul                                    0x080052bd   Thumb Code   258  fmul.o(x$fpl$fmul)
    __fpl_fnaninf                            0x080053bf   Thumb Code   140  fnaninf.o(x$fpl$fnaninf)
    _fp_init                                 0x0800544b   Thumb Code    14  fpinit.o(x$fpl$fpinit)
    __fplib_config_pureend_doubles           0x08005457   Thumb Code     0  fpinit.o(x$fpl$fpinit)
    __fpl_fretinf                            0x08005459   Thumb Code    10  fretinf.o(x$fpl$fretinf)
    _printf_fp_dec                           0x08005463   Thumb Code     4  printf1.o(x$fpl$printf1)
    __I$use$fp                               0x08005467   Thumb Code     0  usenofp.o(x$fpl$usenofp)
    Region$$Table$$Base                      0x08005540   Number         0  anon$$obj.o(Region$$Table)
    Region$$Table$$Limit                     0x08005560   Number         0  anon$$obj.o(Region$$Table)
    __ctype                                  0x08005589   Data           0  lc_ctype_c.o(locale$$data)
    HSEStartUpStatus                         0x20000000   Data           1  hardware.o(.data)
    flagWin                                  0x20000004   Data           1  main.o(.data)
    flagZqgs                                 0x20000005   Data           1  main.o(.data)
    flagYc                                   0x20000006   Data           1  main.o(.data)
    flagCjcs                                 0x20000007   Data           1  main.o(.data)
    Empty                                    0x20000008   Data           8  main.o(.data)
    DATA                                     0x20000010   Data           8  main.o(.data)
    CanFlag                                  0x20000018   Data           1  main.o(.data)
    CAN_ID                                   0x2000001c   Data           4  main.o(.data)
    canrx_data                               0x20000020   Data           8  stm32f10x_it.o(.data)
    TZkb                                     0x20000028   Data           4  stm32f10x_it.o(.data)
    TPl                                      0x2000002c   Data           4  stm32f10x_it.o(.data)
    TZqgs                                    0x20000030   Data           4  stm32f10x_it.o(.data)
    TJg                                      0x20000034   Data           4  stm32f10x_it.o(.data)
    TCjcs                                    0x20000038   Data           4  stm32f10x_it.o(.data)
    TYc                                      0x2000003c   Data           4  stm32f10x_it.o(.data)
    countZqgs                                0x20000040   Data           4  time.o(.data)
    countYc                                  0x20000044   Data           4  time1.o(.data)
    SystemCoreClock                          0x2000005c   Data           4  system_stm32f10x.o(.data)
    AHBPrescTable                            0x20000060   Data          16  system_stm32f10x.o(.data)
    __libspace_start                         0x20000070   Data          96  libspace.o(.bss)
    __temporary_stack_top$libspace           0x200000d0   Data           0  libspace.o(.bss)



==============================================================================

Memory Map of the image

  Image Entry point : 0x08000151

  Load Region LR_IROM1 (Base: 0x08000000, Size: 0x000056fc, Max: 0x00040000, ABSOLUTE)

    Execution Region ER_IROM1 (Base: 0x08000000, Size: 0x0000568c, Max: 0x00040000, ABSOLUTE)

    Base Addr    Size         Type   Attr      Idx    E Section Name        Object

    0x08000000   0x00000150   Data   RO          570    RESET               startup_stm32f10x_cl.o
    0x08000150   0x00000008   Code   RO          583  * !!!main             c_w.l(__main.o)(c_w.l)
    0x08000158   0x00000034   Code   RO          920    !!!scatter          c_w.l(__scatter.o)(c_w.l)
    0x0800018c   0x0000001a   Code   RO          922    !!handler_copy      c_w.l(__scatter_copy.o)(c_w.l)
    0x080001a6   0x00000002   PAD
    0x080001a8   0x0000001c   Code   RO          924    !!handler_zi        c_w.l(__scatter_zi.o)(c_w.l)
    0x080001c4   0x00000000   Code   RO          682    .ARM.Collect$$_printf_percent$$00000000  c_w.l(_printf_percent.o)(c_w.l)
    0x080001c4   0x00000006   Code   RO          671    .ARM.Collect$$_printf_percent$$00000001  c_w.l(_printf_n.o)(c_w.l)
    0x080001ca   0x00000006   Code   RO          673    .ARM.Collect$$_printf_percent$$00000002  c_w.l(_printf_p.o)(c_w.l)
    0x080001d0   0x00000006   Code   RO          678    .ARM.Collect$$_printf_percent$$00000003  c_w.l(_printf_f.o)(c_w.l)
    0x080001d6   0x00000006   Code   RO          679    .ARM.Collect$$_printf_percent$$00000004  c_w.l(_printf_e.o)(c_w.l)
    0x080001dc   0x00000006   Code   RO          680    .ARM.Collect$$_printf_percent$$00000005  c_w.l(_printf_g.o)(c_w.l)
    0x080001e2   0x00000006   Code   RO          681    .ARM.Collect$$_printf_percent$$00000006  c_w.l(_printf_a.o)(c_w.l)
    0x080001e8   0x0000000a   Code   RO          686    .ARM.Collect$$_printf_percent$$00000007  c_w.l(_printf_ll.o)(c_w.l)
    0x080001f2   0x00000006   Code   RO          675    .ARM.Collect$$_printf_percent$$00000008  c_w.l(_printf_i.o)(c_w.l)
    0x080001f8   0x00000006   Code   RO          676    .ARM.Collect$$_printf_percent$$00000009  c_w.l(_printf_d.o)(c_w.l)
    0x080001fe   0x00000006   Code   RO          677    .ARM.Collect$$_printf_percent$$0000000A  c_w.l(_printf_u.o)(c_w.l)
    0x08000204   0x00000006   Code   RO          674    .ARM.Collect$$_printf_percent$$0000000B  c_w.l(_printf_o.o)(c_w.l)
    0x0800020a   0x00000006   Code   RO          672    .ARM.Collect$$_printf_percent$$0000000C  c_w.l(_printf_x.o)(c_w.l)
    0x08000210   0x00000006   Code   RO          683    .ARM.Collect$$_printf_percent$$0000000D  c_w.l(_printf_lli.o)(c_w.l)
    0x08000216   0x00000006   Code   RO          684    .ARM.Collect$$_printf_percent$$0000000E  c_w.l(_printf_lld.o)(c_w.l)
    0x0800021c   0x00000006   Code   RO          685    .ARM.Collect$$_printf_percent$$0000000F  c_w.l(_printf_llu.o)(c_w.l)
    0x08000222   0x00000006   Code   RO          690    .ARM.Collect$$_printf_percent$$00000010  c_w.l(_printf_llo.o)(c_w.l)
    0x08000228   0x00000006   Code   RO          691    .ARM.Collect$$_printf_percent$$00000011  c_w.l(_printf_llx.o)(c_w.l)
    0x0800022e   0x0000000a   Code   RO          687    .ARM.Collect$$_printf_percent$$00000012  c_w.l(_printf_l.o)(c_w.l)
    0x08000238   0x00000006   Code   RO          669    .ARM.Collect$$_printf_percent$$00000013  c_w.l(_printf_c.o)(c_w.l)
    0x0800023e   0x00000006   Code   RO          670    .ARM.Collect$$_printf_percent$$00000014  c_w.l(_printf_s.o)(c_w.l)
    0x08000244   0x00000006   Code   RO          688    .ARM.Collect$$_printf_percent$$00000015  c_w.l(_printf_lc.o)(c_w.l)
    0x0800024a   0x00000006   Code   RO          689    .ARM.Collect$$_printf_percent$$00000016  c_w.l(_printf_ls.o)(c_w.l)
    0x08000250   0x00000004   Code   RO          729    .ARM.Collect$$_printf_percent$$00000017  c_w.l(_printf_percent_end.o)(c_w.l)
    0x08000254   0x00000006   Code   RO          781    .ARM.Collect$$libinit$$00000000  c_w.l(libinit.o)(c_w.l)
    0x0800025a   0x00000000   Code   RO          798    .ARM.Collect$$libinit$$00000006  c_w.l(libinit2.o)(c_w.l)
    0x0800025a   0x00000000   Code   RO          800    .ARM.Collect$$libinit$$00000008  c_w.l(libinit2.o)(c_w.l)
    0x0800025a   0x00000000   Code   RO          802    .ARM.Collect$$libinit$$0000000A  c_w.l(libinit2.o)(c_w.l)
    0x0800025a   0x00000006   Code   RO          803    .ARM.Collect$$libinit$$0000000B  c_w.l(libinit2.o)(c_w.l)
    0x08000260   0x00000000   Code   RO          805    .ARM.Collect$$libinit$$0000000D  c_w.l(libinit2.o)(c_w.l)
    0x08000260   0x0000000c   Code   RO          806    .ARM.Collect$$libinit$$0000000E  c_w.l(libinit2.o)(c_w.l)
    0x0800026c   0x00000000   Code   RO          807    .ARM.Collect$$libinit$$0000000F  c_w.l(libinit2.o)(c_w.l)
    0x0800026c   0x00000000   Code   RO          809    .ARM.Collect$$libinit$$00000011  c_w.l(libinit2.o)(c_w.l)
    0x0800026c   0x0000000a   Code   RO          810    .ARM.Collect$$libinit$$00000012  c_w.l(libinit2.o)(c_w.l)
    0x08000276   0x00000000   Code   RO          811    .ARM.Collect$$libinit$$00000013  c_w.l(libinit2.o)(c_w.l)
    0x08000276   0x00000000   Code   RO          813    .ARM.Collect$$libinit$$00000015  c_w.l(libinit2.o)(c_w.l)
    0x08000276   0x00000000   Code   RO          815    .ARM.Collect$$libinit$$00000017  c_w.l(libinit2.o)(c_w.l)
    0x08000276   0x00000000   Code   RO          817    .ARM.Collect$$libinit$$00000019  c_w.l(libinit2.o)(c_w.l)
    0x08000276   0x00000000   Code   RO          819    .ARM.Collect$$libinit$$0000001B  c_w.l(libinit2.o)(c_w.l)
    0x08000276   0x00000000   Code   RO          821    .ARM.Collect$$libinit$$0000001D  c_w.l(libinit2.o)(c_w.l)
    0x08000276   0x00000000   Code   RO          823    .ARM.Collect$$libinit$$0000001F  c_w.l(libinit2.o)(c_w.l)
    0x08000276   0x00000000   Code   RO          825    .ARM.Collect$$libinit$$00000021  c_w.l(libinit2.o)(c_w.l)
    0x08000276   0x00000000   Code   RO          829    .ARM.Collect$$libinit$$00000028  c_w.l(libinit2.o)(c_w.l)
    0x08000276   0x00000000   Code   RO          831    .ARM.Collect$$libinit$$0000002A  c_w.l(libinit2.o)(c_w.l)
    0x08000276   0x00000000   Code   RO          833    .ARM.Collect$$libinit$$0000002C  c_w.l(libinit2.o)(c_w.l)
    0x08000276   0x00000000   Code   RO          835    .ARM.Collect$$libinit$$0000002E  c_w.l(libinit2.o)(c_w.l)
    0x08000276   0x00000002   Code   RO          836    .ARM.Collect$$libinit$$0000002F  c_w.l(libinit2.o)(c_w.l)
    0x08000278   0x00000002   Code   RO          862    .ARM.Collect$$libshutdown$$00000000  c_w.l(libshutdown.o)(c_w.l)
    0x0800027a   0x00000000   Code   RO          875    .ARM.Collect$$libshutdown$$00000003  c_w.l(libshutdown2.o)(c_w.l)
    0x0800027a   0x00000000   Code   RO          878    .ARM.Collect$$libshutdown$$00000006  c_w.l(libshutdown2.o)(c_w.l)
    0x0800027a   0x00000000   Code   RO          881    .ARM.Collect$$libshutdown$$00000009  c_w.l(libshutdown2.o)(c_w.l)
    0x0800027a   0x00000000   Code   RO          883    .ARM.Collect$$libshutdown$$0000000B  c_w.l(libshutdown2.o)(c_w.l)
    0x0800027a   0x00000000   Code   RO          886    .ARM.Collect$$libshutdown$$0000000E  c_w.l(libshutdown2.o)(c_w.l)
    0x0800027a   0x00000002   Code   RO          887    .ARM.Collect$$libshutdown$$0000000F  c_w.l(libshutdown2.o)(c_w.l)
    0x0800027c   0x00000000   Code   RO          601    .ARM.Collect$$rtentry$$00000000  c_w.l(rtentry.o)(c_w.l)
    0x0800027c   0x00000000   Code   RO          700    .ARM.Collect$$rtentry$$00000002  c_w.l(rtentry2.o)(c_w.l)
    0x0800027c   0x00000006   Code   RO          715    .ARM.Collect$$rtentry$$00000004  c_w.l(rtentry4.o)(c_w.l)
    0x08000282   0x00000000   Code   RO          702    .ARM.Collect$$rtentry$$00000009  c_w.l(rtentry2.o)(c_w.l)
    0x08000282   0x00000004   Code   RO          703    .ARM.Collect$$rtentry$$0000000A  c_w.l(rtentry2.o)(c_w.l)
    0x08000286   0x00000000   Code   RO          705    .ARM.Collect$$rtentry$$0000000C  c_w.l(rtentry2.o)(c_w.l)
    0x08000286   0x00000008   Code   RO          706    .ARM.Collect$$rtentry$$0000000D  c_w.l(rtentry2.o)(c_w.l)
    0x0800028e   0x00000002   Code   RO          789    .ARM.Collect$$rtexit$$00000000  c_w.l(rtexit.o)(c_w.l)
    0x08000290   0x00000000   Code   RO          840    .ARM.Collect$$rtexit$$00000002  c_w.l(rtexit2.o)(c_w.l)
    0x08000290   0x00000004   Code   RO          841    .ARM.Collect$$rtexit$$00000003  c_w.l(rtexit2.o)(c_w.l)
    0x08000294   0x00000006   Code   RO          842    .ARM.Collect$$rtexit$$00000004  c_w.l(rtexit2.o)(c_w.l)
    0x0800029a   0x00000002   PAD
    0x0800029c   0x00000408   Code   RO          104    .text               hardware.o
    0x080006a4   0x0000013c   Code   RO          119    .text               main.o
    0x080007e0   0x000000b8   Code   RO          142    .text               printf.o
    0x08000898   0x000002d4   Code   RO          178    .text               stm32f10x_it.o
    0x08000b6c   0x00000054   Code   RO          197    .text               time.o
    0x08000bc0   0x00000070   Code   RO          212    .text               pwm.o
    0x08000c30   0x00000084   Code   RO          224    .text               time1.o
    0x08000cb4   0x000000f8   Code   RO          239    .text               misc.o
    0x08000dac   0x00000a14   Code   RO          275    .text               stm32f10x_can.o
    0x080017c0   0x000005c8   Code   RO          359    .text               stm32f10x_flash.o
    0x08001d88   0x00000358   Code   RO          383    .text               stm32f10x_gpio.o
    0x080020e0   0x000004fc   Code   RO          431    .text               stm32f10x_rcc.o
    0x080025dc   0x00000dae   Code   RO          481    .text               stm32f10x_tim.o
    0x0800338a   0x00000002   PAD
    0x0800338c   0x0000040c   Code   RO          493    .text               stm32f10x_usart.o
    0x08003798   0x00000268   Code   RO          528    .text               system_stm32f10x.o
    0x08003a00   0x00000040   Code   RO          571    .text               startup_stm32f10x_cl.o
    0x08003a40   0x00000024   Code   RO          577    .text               c_w.l(c89vsprintf.o)(c_w.l)
    0x08003a64   0x0000004e   Code   RO          579    .text               c_w.l(rt_memclr_w.o)(c_w.l)
    0x08003ab2   0x00000006   Code   RO          581    .text               c_w.l(heapauxi.o)(c_w.l)
    0x08003ab8   0x00000050   Code   RO          605    .text               c_w.l(_printf_pad.o)(c_w.l)
    0x08003b08   0x00000024   Code   RO          607    .text               c_w.l(_printf_truncate.o)(c_w.l)
    0x08003b2c   0x00000052   Code   RO          609    .text               c_w.l(_printf_str.o)(c_w.l)
    0x08003b7e   0x00000002   PAD
    0x08003b80   0x00000074   Code   RO          611    .text               c_w.l(_printf_dec.o)(c_w.l)
    0x08003bf4   0x0000002a   Code   RO          613    .text               c_w.l(_printf_charcount.o)(c_w.l)
    0x08003c1e   0x00000002   PAD
    0x08003c20   0x00000030   Code   RO          615    .text               c_w.l(_printf_char_common.o)(c_w.l)
    0x08003c50   0x0000000a   Code   RO          617    .text               c_w.l(_sputc.o)(c_w.l)
    0x08003c5a   0x00000002   PAD
    0x08003c5c   0x000000bc   Code   RO          619    .text               c_w.l(_printf_wctomb.o)(c_w.l)
    0x08003d18   0x00000078   Code   RO          622    .text               c_w.l(_printf_longlong_dec.o)(c_w.l)
    0x08003d90   0x00000078   Code   RO          628    .text               c_w.l(_printf_oct_int_ll.o)(c_w.l)
    0x08003e08   0x0000009c   Code   RO          648    .text               c_w.l(_printf_hex_int_ll_ptr.o)(c_w.l)
    0x08003ea4   0x0000019c   Code   RO          666    .text               c_w.l(__printf_flags_ss_wp.o)(c_w.l)
    0x08004040   0x0000008a   Code   RO          717    .text               c_w.l(lludiv10.o)(c_w.l)
    0x080040ca   0x000000b4   Code   RO          719    .text               c_w.l(_printf_intcommon.o)(c_w.l)
    0x0800417e   0x0000040e   Code   RO          721    .text               c_w.l(_printf_fp_dec.o)(c_w.l)
    0x0800458c   0x0000002c   Code   RO          725    .text               c_w.l(_printf_char.o)(c_w.l)
    0x080045b8   0x0000002c   Code   RO          727    .text               c_w.l(_printf_wchar.o)(c_w.l)
    0x080045e4   0x00000040   Code   RO          730    .text               c_w.l(_wcrtomb.o)(c_w.l)
    0x08004624   0x00000010   Code   RO          732    .text               c_w.l(rtudiv10.o)(c_w.l)
    0x08004634   0x0000004a   Code   RO          734    .text               c_w.l(sys_stackheap_outer.o)(c_w.l)
    0x0800467e   0x00000002   PAD
    0x08004680   0x00000010   Code   RO          736    .text               c_w.l(rt_ctype_table.o)(c_w.l)
    0x08004690   0x0000000c   Code   RO          741    .text               c_w.l(rt_locale_intlibspace.o)(c_w.l)
    0x0800469c   0x0000007c   Code   RO          743    .text               c_w.l(_printf_fp_infnan.o)(c_w.l)
    0x08004718   0x000000ec   Code   RO          745    .text               c_w.l(bigflt0.o)(c_w.l)
    0x08004804   0x0000000c   Code   RO          773    .text               c_w.l(exit.o)(c_w.l)
    0x08004810   0x00000008   Code   RO          786    .text               c_w.l(libspace.o)(c_w.l)
    0x08004818   0x00000080   Code   RO          794    .text               c_w.l(strcmpv7m.o)(c_w.l)
    0x08004898   0x0000000c   Code   RO          850    .text               c_w.l(rt_fp_status_addr_intlibspace.o)(c_w.l)
    0x080048a4   0x0000000c   Code   RO          854    .text               c_w.l(sys_exit.o)(c_w.l)
    0x080048b0   0x00000002   Code   RO          865    .text               c_w.l(use_no_semi.o)(c_w.l)
    0x080048b2   0x0000003e   Code   RO          748    CL$$btod_d2e        c_w.l(btod.o)(c_w.l)
    0x080048f0   0x00000046   Code   RO          750    CL$$btod_d2e_denorm_low  c_w.l(btod.o)(c_w.l)
    0x08004936   0x00000060   Code   RO          749    CL$$btod_d2e_norm_op1  c_w.l(btod.o)(c_w.l)
    0x08004996   0x00000338   Code   RO          758    CL$$btod_div_common  c_w.l(btod.o)(c_w.l)
    0x08004cce   0x000000c6   Code   RO          755    CL$$btod_e2e        c_w.l(btod.o)(c_w.l)
    0x08004d94   0x00000028   Code   RO          752    CL$$btod_ediv       c_w.l(btod.o)(c_w.l)
    0x08004dbc   0x00000028   Code   RO          751    CL$$btod_emul       c_w.l(btod.o)(c_w.l)
    0x08004de4   0x00000244   Code   RO          757    CL$$btod_mult_common  c_w.l(btod.o)(c_w.l)
    0x08005028   0x00000028   Code   RO          784    i.__ARM_fpclassify  m_ws.l(fpclassify.o)(m_ws.l)
    0x08005050   0x0000002c   Code   RO          771    locale$$code        c_w.l(lc_numeric_c.o)(c_w.l)
    0x0800507c   0x0000002c   Code   RO          792    locale$$code        c_w.l(lc_ctype_c.o)(c_w.l)
    0x080050a8   0x00000184   Code   RO          586    x$fpl$fdiv          fz_ws.l(fdiv.o)(fz_ws.l)
    0x0800522c   0x00000036   Code   RO          589    x$fpl$ffix          fz_ws.l(ffix.o)(fz_ws.l)
    0x08005262   0x00000002   PAD
    0x08005264   0x00000030   Code   RO          594    x$fpl$fflt          fz_ws.l(fflt_clz.o)(fz_ws.l)
    0x08005294   0x00000026   Code   RO          593    x$fpl$ffltu         fz_ws.l(fflt_clz.o)(fz_ws.l)
    0x080052ba   0x00000002   PAD
    0x080052bc   0x00000102   Code   RO          599    x$fpl$fmul          fz_ws.l(fmul.o)(fz_ws.l)
    0x080053be   0x0000008c   Code   RO          692    x$fpl$fnaninf       fz_ws.l(fnaninf.o)(fz_ws.l)
    0x0800544a   0x0000000e   Code   RO          837    x$fpl$fpinit        fz_ws.l(fpinit.o)(fz_ws.l)
    0x08005458   0x0000000a   Code   RO          694    x$fpl$fretinf       fz_ws.l(fretinf.o)(fz_ws.l)
    0x08005462   0x00000004   Code   RO          696    x$fpl$printf1       fz_ws.l(printf1.o)(fz_ws.l)
    0x08005466   0x00000000   Code   RO          698    x$fpl$usenofp       fz_ws.l(usenofp.o)(fz_ws.l)
    0x08005466   0x00000002   PAD
    0x08005468   0x00000008   Data   RO          620    .constdata          c_w.l(_printf_wctomb.o)(c_w.l)
    0x08005470   0x00000028   Data   RO          649    .constdata          c_w.l(_printf_hex_int_ll_ptr.o)(c_w.l)
    0x08005498   0x00000011   Data   RO          667    .constdata          c_w.l(__printf_flags_ss_wp.o)(c_w.l)
    0x080054a9   0x00000003   PAD
    0x080054ac   0x00000094   Data   RO          746    .constdata          c_w.l(bigflt0.o)(c_w.l)
    0x08005540   0x00000020   Data   RO          918    Region$$Table       anon$$obj.o
    0x08005560   0x0000001c   Data   RO          770    locale$$data        c_w.l(lc_numeric_c.o)(c_w.l)
    0x0800557c   0x00000110   Data   RO          791    locale$$data        c_w.l(lc_ctype_c.o)(c_w.l)


    Execution Region RW_IRAM1 (Base: 0x20000000, Size: 0x000006d0, Max: 0x00010000, ABSOLUTE)

    Base Addr    Size         Type   Attr      Idx    E Section Name        Object

    0x20000000   0x00000001   Data   RW          105    .data               hardware.o
    0x20000001   0x00000003   PAD
    0x20000004   0x0000001c   Data   RW          120    .data               main.o
    0x20000020   0x00000020   Data   RW          179    .data               stm32f10x_it.o
    0x20000040   0x00000004   Data   RW          198    .data               time.o
    0x20000044   0x00000004   Data   RW          225    .data               time1.o
    0x20000048   0x00000014   Data   RW          432    .data               stm32f10x_rcc.o
    0x2000005c   0x00000014   Data   RW          529    .data               system_stm32f10x.o
    0x20000070   0x00000060   Zero   RW          787    .bss                c_w.l(libspace.o)(c_w.l)
    0x200000d0   0x00000200   Zero   RW          569    HEAP                startup_stm32f10x_cl.o
    0x200002d0   0x00000400   Zero   RW          568    STACK               startup_stm32f10x_cl.o


==============================================================================

Image component sizes


      Code (inc. data)   RO Data    RW Data    ZI Data      Debug   Object Name

         0          0          0          0          0          0   cantx.o
         0          0          0          0          0          0   core_cm3.o
      1032         34          0          1          0          0   hardware.o
       316         58          0         28          0          0   main.o
       248         30          0          0          0          0   misc.o
       184         16          0          0          0          0   printf.o
       112          8          0          0          0          0   pwm.o
        64         26        336          0       1536          0   startup_stm32f10x_cl.o
      2580         60          0          0          0          0   stm32f10x_can.o
      1480         52          0          0          0          0   stm32f10x_flash.o
       856         40          0          0          0          0   stm32f10x_gpio.o
       724        194          0         32          0          0   stm32f10x_it.o
      1276         72          0         20          0          0   stm32f10x_rcc.o
      3502         86          0          0          0          0   stm32f10x_tim.o
      1036         20          0          0          0          0   stm32f10x_usart.o
       616         44          0         20          0          0   system_stm32f10x.o
        84          8          0          4          0          0   time.o
       132         38          0          4          0          0   time1.o

    ----------------------------------------------------------------------
     14244        786        368        112       1536          0   Object Totals
         0          0         32          0          0          0   (incl. Generated)
         2          0          0          3          0          0   (incl. Padding)

    ----------------------------------------------------------------------

      Code (inc. data)   RO Data    RW Data    ZI Data      Debug   Library Member Name

         8          0          0          0          0          0   __main.o
       412          6         17          0          0          0   __printf_flags_ss_wp.o
        52          8          0          0          0          0   __scatter.o
        26          0          0          0          0          0   __scatter_copy.o
        28          0          0          0          0          0   __scatter_zi.o
         6          0          0          0          0          0   _printf_a.o
         6          0          0          0          0          0   _printf_c.o
        44          0          0          0          0          0   _printf_char.o
        48          6          0          0          0          0   _printf_char_common.o
        42          0          0          0          0          0   _printf_charcount.o
         6          0          0          0          0          0   _printf_d.o
       116         18          0          0          0          0   _printf_dec.o
         6          0          0          0          0          0   _printf_e.o
         6          0          0          0          0          0   _printf_f.o
      1038          0          0          0          0          0   _printf_fp_dec.o
       124         16          0          0          0          0   _printf_fp_infnan.o
         6          0          0          0          0          0   _printf_g.o
       156          6         40          0          0          0   _printf_hex_int_ll_ptr.o
         6          0          0          0          0          0   _printf_i.o
       180          0          0          0          0          0   _printf_intcommon.o
        10          0          0          0          0          0   _printf_l.o
         6          0          0          0          0          0   _printf_lc.o
        10          0          0          0          0          0   _printf_ll.o
         6          0          0          0          0          0   _printf_lld.o
         6          0          0          0          0          0   _printf_lli.o
         6          0          0          0          0          0   _printf_llo.o
         6          0          0          0          0          0   _printf_llu.o
         6          0          0          0          0          0   _printf_llx.o
       120         16          0          0          0          0   _printf_longlong_dec.o
         6          0          0          0          0          0   _printf_ls.o
         6          0          0          0          0          0   _printf_n.o
         6          0          0          0          0          0   _printf_o.o
       120          8          0          0          0          0   _printf_oct_int_ll.o
         6          0          0          0          0          0   _printf_p.o
        80          0          0          0          0          0   _printf_pad.o
         0          0          0          0          0          0   _printf_percent.o
         4          0          0          0          0          0   _printf_percent_end.o
         6          0          0          0          0          0   _printf_s.o
        82          0          0          0          0          0   _printf_str.o
        36          0          0          0          0          0   _printf_truncate.o
         6          0          0          0          0          0   _printf_u.o
        44          0          0          0          0          0   _printf_wchar.o
       188          6          8          0          0          0   _printf_wctomb.o
         6          0          0          0          0          0   _printf_x.o
        10          0          0          0          0          0   _sputc.o
        64          0          0          0          0          0   _wcrtomb.o
       236          6        148          0          0          0   bigflt0.o
      1910        128          0          0          0          0   btod.o
        36          4          0          0          0          0   c89vsprintf.o
        12          0          0          0          0          0   exit.o
         6          0          0          0          0          0   heapauxi.o
        44         10        272          0          0          0   lc_ctype_c.o
        44         10         28          0          0          0   lc_numeric_c.o
         6          0          0          0          0          0   libinit.o
        30          0          0          0          0          0   libinit2.o
         2          0          0          0          0          0   libshutdown.o
         2          0          0          0          0          0   libshutdown2.o
         8          4          0          0         96          0   libspace.o
       138          0          0          0          0          0   lludiv10.o
        16          4          0          0          0          0   rt_ctype_table.o
        12          4          0          0          0          0   rt_fp_status_addr_intlibspace.o
        12          4          0          0          0          0   rt_locale_intlibspace.o
        78          0          0          0          0          0   rt_memclr_w.o
         0          0          0          0          0          0   rtentry.o
        12          0          0          0          0          0   rtentry2.o
         6          0          0          0          0          0   rtentry4.o
         2          0          0          0          0          0   rtexit.o
        10          0          0          0          0          0   rtexit2.o
        16          0          0          0          0          0   rtudiv10.o
       128          0          0          0          0          0   strcmpv7m.o
        12          4          0          0          0          0   sys_exit.o
        74          0          0          0          0          0   sys_stackheap_outer.o
         2          0          0          0          0          0   use_no_semi.o
       388         76          0          0          0          0   fdiv.o
        54          4          0          0          0          0   ffix.o
        86          0          0          0          0          0   fflt_clz.o
       258          4          0          0          0          0   fmul.o
       140          4          0          0          0          0   fnaninf.o
        14          0          0          0          0          0   fpinit.o
        10          0          0          0          0          0   fretinf.o
         4          0          0          0          0          0   printf1.o
         0          0          0          0          0          0   usenofp.o
        40          0          0          0          0          0   fpclassify.o

    ----------------------------------------------------------------------
      7028        356        516          0         96          0   Library Totals
        18          0          3          0          0          0   (incl. Padding)

    ----------------------------------------------------------------------

      Code (inc. data)   RO Data    RW Data    ZI Data      Debug   Library Name

      6016        268        513          0         96       3928   c_w.l
       954         88          0          0          0        696   fz_ws.l
        40          0          0          0          0         68   m_ws.l

    ----------------------------------------------------------------------
      7028        356        516          0         96          0   Library Totals

    ----------------------------------------------------------------------

==============================================================================


      Code (inc. data)   RO Data    RW Data    ZI Data      Debug   

     21272       1142        884        112       1632     365236   Grand Totals
     21272       1142        884        112       1632     365236   ELF Image Totals
     21272       1142        884        112          0          0   ROM Totals

==============================================================================

    Total RO  Size (Code + RO Data)                22156 (  21.64kB)
    Total RW  Size (RW Data + ZI Data)              1744 (   1.70kB)
    Total ROM Size (Code + RO Data + RW Data)      22268 (  21.75kB)

==============================================================================

