<html>
<body>
<pre>
<h1>礦ision Build Log</h1>
<h2>Project:</h2>
D:\学习资料\STM32程序\界面配合程序\CAN（123）.uvproj
Project File Date:  04/21/2016

<h2>Output:</h2>
Build target 'Target 1'
compiling pwm.c...
user\pwm.c(15): warning:  #69-D: integer conversion resulted in truncation
user\pwm.c:     TIM_TimeBaseStructure.TIM_Period = 1000000;             //设置在下一个更新事件装入活动的自动重装载寄存器周期的值
user\pwm.c:                                        ^
user\pwm.c(31): warning:  #1-D: last line of file ends without a newline
user\pwm.c:   }
user\pwm.c:    ^
user\pwm.c: user\pwm.c: 2 warnings, 0 errors
linking...
Program Size: Code=21224 RO-data=884 RW-data=112 ZI-data=1632  
FromELF: creating hex file...
".\Obj\CAN（123）.axf" - 0 Error(s), 2 Warning(s).
Load "D:\\学习资料\\STM32程序\\界面配合程序\\Obj\\CAN（123）.AXF" 
Set JLink Project File to "D:\学习资料\STM32程序\界面配合程序\JLinkSettings.ini"
 
JLink info:
------------
DLL: V4.15n, compiled Jun 18 2010 19:55:09
Firmware: J-Link ARM V8 compiled Jul 17 2014 12:31:18
Hardware: V8.00
S/N : 17935099 
Feature(s) : RDI,FlashDL,FlashBP,JFlash 
 
* JLink Info: Found SWD-DP with ID 0x1BA01477
* JLink Info: TPIU fitted.
* JLink Info: ETM fitted.
* JLink Info:   FPUnit: 6 code (BP) slots and 2 literal slots
ROMTableAddr = 0xE00FF003
 
Target info:
------------
Device: STM32F105VC
VTarget = 3.267V
State of Pins: 
TCK: 0, TDI: 1, TDO: 1, TMS: 1, TRES: 1, TRST: 1
* JLink Info: Found SWD-DP with ID 0x1BA01477
* JLink Info: TPIU fitted.
* JLink Info: ETM fitted.
* JLink Info:   FPUnit: 6 code (BP) slots and 2 literal slots
Hardware-Breakpoints: 6
Software-Breakpoints: 2048
Watchpoints:          4
JTAG speed: 4000 kHz
 
Erase Done.
Programming Done.
Verify OK.
* JLink Info: Found SWD-DP with ID 0x1BA01477
* JLink Info: TPIU fitted.
* JLink Info: ETM fitted.
* JLink Info:   FPUnit: 6 code (BP) slots and 2 literal slots
Application running ...
Build target 'Target 1'
compiling pwm.c...
user\pwm.c(15): warning:  #69-D: integer conversion resulted in truncation
user\pwm.c:     TIM_TimeBaseStructure.TIM_Period = 1000000;             //设置在下一个更新事件装入活动的自动重装载寄存器周期的值
user\pwm.c:                                        ^
user\pwm.c(24): warning:  #69-D: integer conversion resulted in truncation
user\pwm.c:     TIM_OCInitStructure.TIM_Pulse = 500000;                                                  //占空比
user\pwm.c:                                     ^
user\pwm.c(31): warning:  #1-D: last line of file ends without a newline
user\pwm.c:   }
user\pwm.c:    ^
user\pwm.c: user\pwm.c: 3 warnings, 0 errors
linking...
Program Size: Code=21224 RO-data=884 RW-data=112 ZI-data=1632  
FromELF: creating hex file...
".\Obj\CAN（123）.axf" - 0 Error(s), 3 Warning(s).
Load "D:\\学习资料\\STM32程序\\界面配合程序\\Obj\\CAN（123）.AXF" 
Set JLink Project File to "D:\学习资料\STM32程序\界面配合程序\JLinkSettings.ini"
 
JLink info:
------------
DLL: V4.15n, compiled Jun 18 2010 19:55:09
Firmware: J-Link ARM V8 compiled Jul 17 2014 12:31:18
Hardware: V8.00
S/N : 17935099 
Feature(s) : RDI,FlashDL,FlashBP,JFlash 
 
* JLink Info: Found SWD-DP with ID 0x1BA01477
* JLink Info: TPIU fitted.
* JLink Info: ETM fitted.
* JLink Info:   FPUnit: 6 code (BP) slots and 2 literal slots
ROMTableAddr = 0xE00FF003
 
Target info:
------------
Device: STM32F105VC
VTarget = 3.267V
State of Pins: 
TCK: 0, TDI: 1, TDO: 1, TMS: 1, TRES: 1, TRST: 1
* JLink Info: Found SWD-DP with ID 0x1BA01477
* JLink Info: TPIU fitted.
* JLink Info: ETM fitted.
* JLink Info:   FPUnit: 6 code (BP) slots and 2 literal slots
Hardware-Breakpoints: 6
Software-Breakpoints: 2048
Watchpoints:          4
JTAG speed: 4000 kHz
 
Erase Done.
Programming Done.
Verify OK.
* JLink Info: Found SWD-DP with ID 0x1BA01477
* JLink Info: TPIU fitted.
* JLink Info: ETM fitted.
* JLink Info:   FPUnit: 6 code (BP) slots and 2 literal slots
Application running ...
Build target 'Target 1'
compiling main.c...
user\Hardware.h(12): warning:  #1-D: last line of file ends without a newline
user\Hardware.h:   #endif
user\Hardware.h:         ^
user\main.c(38): warning:  #223-D: function "NVIC_Configuration" declared implicitly
user\main.c:            NVIC_Configuration();
user\main.c:            ^
user\main.c(39): warning:  #223-D: function "TIM3_PWM_Init" declared implicitly
user\main.c:    TIM3_PWM_Init(TPl,TZkb);
user\main.c:    ^
user\main.c(40): warning:  #223-D: function "Time2_Init" declared implicitly
user\main.c:    Time2_Init(10000,7199);          //定时器1的计数单位为1s。
user\main.c:    ^
user\main.c(41): warning:  #223-D: function "Time4_Init" declared implicitly
user\main.c:    Time4_Init(100,719);        //定时器4的计数单位为1ms    
user\main.c:    ^
user\main.c(82): warning:  #111-D: statement is unreachable
user\main.c:            return 0;
user\main.c:            ^
user\main.c(31): warning:  #177-D: variable "temp" was declared but never referenced
user\main.c:    float temp;
user\main.c:          ^
user\main.c(32): warning:  #177-D: variable "t" was declared but never referenced
user\main.c:    int  t;
user\main.c:         ^
user\main.c(84): warning:  #1-D: last line of file ends without a newline
user\main.c:                                                                                                                                               
user\main.c:                                                                                                                                               ^
user\main.c: user\main.c: 9 warnings, 0 errors
linking...
Program Size: Code=21236 RO-data=884 RW-data=112 ZI-data=1632  
FromELF: creating hex file...
".\Obj\CAN（123）.axf" - 0 Error(s), 9 Warning(s).
Load "D:\\学习资料\\STM32程序\\界面配合程序\\Obj\\CAN（123）.AXF" 
Set JLink Project File to "D:\学习资料\STM32程序\界面配合程序\JLinkSettings.ini"
 
JLink info:
------------
DLL: V4.15n, compiled Jun 18 2010 19:55:09
Firmware: J-Link ARM V8 compiled Jul 17 2014 12:31:18
Hardware: V8.00
S/N : 17935099 
Feature(s) : RDI,FlashDL,FlashBP,JFlash 
 
* JLink Info: Found SWD-DP with ID 0x1BA01477
* JLink Info: TPIU fitted.
* JLink Info: ETM fitted.
* JLink Info:   FPUnit: 6 code (BP) slots and 2 literal slots
ROMTableAddr = 0xE00FF003
 
Target info:
------------
Device: STM32F105VC
VTarget = 3.267V
State of Pins: 
TCK: 0, TDI: 1, TDO: 1, TMS: 1, TRES: 1, TRST: 1
* JLink Info: Found SWD-DP with ID 0x1BA01477
* JLink Info: TPIU fitted.
* JLink Info: ETM fitted.
* JLink Info:   FPUnit: 6 code (BP) slots and 2 literal slots
Hardware-Breakpoints: 6
Software-Breakpoints: 2048
Watchpoints:          4
JTAG speed: 4000 kHz
 
Erase Done.
Programming Done.
Verify OK.
* JLink Info: Found SWD-DP with ID 0x1BA01477
* JLink Info: TPIU fitted.
* JLink Info: ETM fitted.
* JLink Info:   FPUnit: 6 code (BP) slots and 2 literal slots
Application running ...
Load "D:\\学习资料\\STM32程序\\界面配合程序\\Obj\\CAN（123）.AXF" 
Set JLink Project File to "D:\学习资料\STM32程序\界面配合程序\JLinkSettings.ini"
 
JLink info:
------------
DLL: V4.15n, compiled Jun 18 2010 19:55:09
Firmware: J-Link ARM V8 compiled Jul 17 2014 12:31:18
Hardware: V8.00
S/N : 17935099 
Feature(s) : RDI,FlashDL,FlashBP,JFlash 
 
**JLink Warning: RESET (pin 15) high, but should be low. Please check target hardware.
**JLink Warning: No matching core found.
* JLink Info: SYSRESETREQ has confused core. Trying to reconnect and use VECTRESET.
**JLink Warning: RESET (pin 15) high, but should be low. Please check target hardware.
**JLink Warning: Failed to reset CPU. VECTRESET has confused core.
**JLink Warning: RESET (pin 15) high, but should be low. Please check target hardware.
**JLink Warning: CPU did not halt after reset.
* JLink Info: Core did not halt after reset, trying to disable WDT.
**JLink Warning: RESET (pin 15) high, but should be low. Please check target hardware.
* JLink Info: CPU core locked up
* JLink Info: CPU halted
* JLink Info: Core is locked-up, trying to disable WDT.
**JLink Warning: CPU did not halt after reset.
***JLink Error: Supply voltage too low (1 Volt is required, Measured: 0.0 Volt).
Please check target power.
CPU not halted
**JLink Warning: Target system has been power-cycled
* JLink Info: Found SWD-DP with ID 0x1BA01477
* JLink Info: TPIU fitted.
* JLink Info: ETM fitted.
* JLink Info:   FPUnit: 6 code (BP) slots and 2 literal slots
ROMTableAddr = 0xE00FF003
 
Target info:
------------
Device: STM32F105VC
VTarget = 3.267V
State of Pins: 
TCK: 0, TDI: 1, TDO: 1, TMS: 1, TRES: 1, TRST: 1
* JLink Info: Found SWD-DP with ID 0x1BA01477
* JLink Info: TPIU fitted.
* JLink Info: ETM fitted.
* JLink Info:   FPUnit: 6 code (BP) slots and 2 literal slots
Hardware-Breakpoints: 6
Software-Breakpoints: 2048
Watchpoints:          4
JTAG speed: 4000 kHz
 
Erase Done.
Programming Failed!
Load "D:\\学习资料\\STM32程序\\界面配合程序\\Obj\\CAN（123）.AXF" 
Set JLink Project File to "D:\学习资料\STM32程序\界面配合程序\JLinkSettings.ini"
 
JLink info:
------------
DLL: V4.15n, compiled Jun 18 2010 19:55:09
Firmware: J-Link ARM V8 compiled Jul 17 2014 12:31:18
Hardware: V8.00
S/N : 17935099 
Feature(s) : RDI,FlashDL,FlashBP,JFlash 
 
* JLink Info: Found SWD-DP with ID 0x1BA01477
* JLink Info: TPIU fitted.
* JLink Info: ETM fitted.
* JLink Info:   FPUnit: 6 code (BP) slots and 2 literal slots
ROMTableAddr = 0xE00FF003
 
Target info:
------------
Device: STM32F105VC
VTarget = 3.267V
State of Pins: 
TCK: 0, TDI: 1, TDO: 1, TMS: 1, TRES: 1, TRST: 1
* JLink Info: Found SWD-DP with ID 0x1BA01477
* JLink Info: TPIU fitted.
* JLink Info: ETM fitted.
* JLink Info:   FPUnit: 6 code (BP) slots and 2 literal slots
Hardware-Breakpoints: 6
Software-Breakpoints: 2048
Watchpoints:          4
JTAG speed: 4000 kHz
 
Erase Done.
Programming Done.
Verify OK.
* JLink Info: Found SWD-DP with ID 0x1BA01477
* JLink Info: TPIU fitted.
* JLink Info: ETM fitted.
* JLink Info:   FPUnit: 6 code (BP) slots and 2 literal slots
Application running ...
Build target 'Target 1'
compiling pwm.c...
user\pwm.c(15): warning:  #69-D: integer conversion resulted in truncation
user\pwm.c:     TIM_TimeBaseStructure.TIM_Period = 1000000;             //设置在下一个更新事件装入活动的自动重装载寄存器周期的值
user\pwm.c:                                        ^
user\pwm.c(24): warning:  #69-D: integer conversion resulted in truncation
user\pwm.c:     TIM_OCInitStructure.TIM_Pulse = 200000;                                                  //占空比
user\pwm.c:                                     ^
user\pwm.c(31): warning:  #1-D: last line of file ends without a newline
user\pwm.c:   }
user\pwm.c:    ^
user\pwm.c: user\pwm.c: 3 warnings, 0 errors
linking...
Program Size: Code=21236 RO-data=884 RW-data=112 ZI-data=1632  
FromELF: creating hex file...
".\Obj\CAN（123）.axf" - 0 Error(s), 3 Warning(s).
Load "D:\\学习资料\\STM32程序\\界面配合程序\\Obj\\CAN（123）.AXF" 
Set JLink Project File to "D:\学习资料\STM32程序\界面配合程序\JLinkSettings.ini"
 
JLink info:
------------
DLL: V4.15n, compiled Jun 18 2010 19:55:09
Firmware: J-Link ARM V8 compiled Jul 17 2014 12:31:18
Hardware: V8.00
S/N : 17935099 
Feature(s) : RDI,FlashDL,FlashBP,JFlash 
 
* JLink Info: Found SWD-DP with ID 0x1BA01477
* JLink Info: TPIU fitted.
* JLink Info: ETM fitted.
* JLink Info:   FPUnit: 6 code (BP) slots and 2 literal slots
ROMTableAddr = 0xE00FF003
 
Target info:
------------
Device: STM32F105VC
VTarget = 3.267V
State of Pins: 
TCK: 0, TDI: 1, TDO: 1, TMS: 1, TRES: 1, TRST: 1
* JLink Info: Found SWD-DP with ID 0x1BA01477
* JLink Info: TPIU fitted.
* JLink Info: ETM fitted.
* JLink Info:   FPUnit: 6 code (BP) slots and 2 literal slots
Hardware-Breakpoints: 6
Software-Breakpoints: 2048
Watchpoints:          4
JTAG speed: 4000 kHz
 
Erase Done.
Programming Done.
Verify OK.
* JLink Info: Found SWD-DP with ID 0x1BA01477
* JLink Info: TPIU fitted.
* JLink Info: ETM fitted.
* JLink Info:   FPUnit: 6 code (BP) slots and 2 literal slots
Application running ...
Build target 'Target 1'
compiling main.c...
user\Hardware.h(12): warning:  #1-D: last line of file ends without a newline
user\Hardware.h:   #endif
user\Hardware.h:         ^
user\main.c(38): warning:  #223-D: function "NVIC_Configuration" declared implicitly
user\main.c:            NVIC_Configuration();
user\main.c:            ^
user\main.c(39): warning:  #223-D: function "TIM3_PWM_Init" declared implicitly
user\main.c:    TIM3_PWM_Init(TPl,TZkb);        //debug
user\main.c:    ^
user\main.c(41): warning:  #223-D: function "Time2_Init" declared implicitly
user\main.c:    Time2_Init(10000,7199);          //定时器1的计数单位为1s。
user\main.c:    ^
user\main.c(42): warning:  #223-D: function "Time4_Init" declared implicitly
user\main.c:    Time4_Init(100,719);        //定时器4的计数单位为1ms    
user\main.c:    ^
user\main.c(83): warning:  #111-D: statement is unreachable
user\main.c:            return 0;
user\main.c:            ^
user\main.c(31): warning:  #177-D: variable "temp" was declared but never referenced
user\main.c:    float temp;
user\main.c:          ^
user\main.c(32): warning:  #177-D: variable "t" was declared but never referenced
user\main.c:    int  t;
user\main.c:         ^
user\main.c(85): warning:  #1-D: last line of file ends without a newline
user\main.c:                                                                                                                                               
user\main.c:                                                                                                                                               ^
user\main.c: user\main.c: 9 warnings, 0 errors
linking...
Program Size: Code=21244 RO-data=884 RW-data=112 ZI-data=1632  
FromELF: creating hex file...
".\Obj\CAN（123）.axf" - 0 Error(s), 9 Warning(s).
Load "D:\\学习资料\\STM32程序\\界面配合程序\\Obj\\CAN（123）.AXF" 
Set JLink Project File to "D:\学习资料\STM32程序\界面配合程序\JLinkSettings.ini"
 
JLink info:
------------
DLL: V4.15n, compiled Jun 18 2010 19:55:09
Firmware: J-Link ARM V8 compiled Jul 17 2014 12:31:18
Hardware: V8.00
S/N : 17935099 
Feature(s) : RDI,FlashDL,FlashBP,JFlash 
 
**JLink Warning: RESET (pin 15) high, but should be low. Please check target hardware.
**JLink Warning: No matching core found.
* JLink Info: SYSRESETREQ has confused core. Trying to reconnect and use VECTRESET.
**JLink Warning: RESET (pin 15) high, but should be low. Please check target hardware.
**JLink Warning: Failed to reset CPU. VECTRESET has confused core.
**JLink Warning: RESET (pin 15) high, but should be low. Please check target hardware.
**JLink Warning: CPU did not halt after reset.
* JLink Info: Core did not halt after reset, trying to disable WDT.
**JLink Warning: RESET (pin 15) high, but should be low. Please check target hardware.
**JLink Warning: CPU did not halt after reset.
* JLink Info: Core did not halt after reset, trying to disable WDT.
**JLink Warning: RESET (pin 15) high, but should be low. Please check target hardware.
**JLink Warning: CPU did not halt after reset.
**JLink Warning: Could not set S_RESET_ST
**JLink Warning: RESET (pin 15) high, but should be low. Please check target hardware.
**JLink Warning: RESET (pin 15) high, but should be low. Please check target hardware.
* JLink Info: SYSRESETREQ has confused core. Trying to reconnect and use VECTRESET.
**JLink Warning: RESET (pin 15) high, but should be low. Please check target hardware.
**JLink Warning: Failed to reset CPU. VECTRESET has confused core.
**JLink Warning: RESET (pin 15) high, but should be low. Please check target hardware.
**JLink Warning: CPU did not halt after reset.
* JLink Info: Core did not halt after reset, trying to disable WDT.
**JLink Warning: RESET (pin 15) high, but should be low. Please check target hardware.
* JLink Info: CPU core locked up
* JLink Info: CPU halted
* JLink Info: Core is locked-up, trying to disable WDT.
* JLink Info: CPU core locked up
* JLink Info: CPU halted
* JLink Info: CPU core locked up
* JLink Info: CPU halted
**JLink Warning: S_RESET_ST not cleared
***JLink Error: Supply voltage too low (1 Volt is required, Measured: 0.0 Volt).
Please check target power.
CPU not halted
**JLink Warning: Target system has been power-cycled
* JLink Info: Found SWD-DP with ID 0x1BA01477
* JLink Info: TPIU fitted.
* JLink Info: ETM fitted.
* JLink Info:   FPUnit: 6 code (BP) slots and 2 literal slots
ROMTableAddr = 0xE00FF003
 
Target info:
------------
Device: STM32F105VC
VTarget = 3.267V
State of Pins: 
TCK: 0, TDI: 1, TDO: 1, TMS: 1, TRES: 1, TRST: 1
* JLink Info: Found SWD-DP with ID 0x1BA01477
* JLink Info: TPIU fitted.
* JLink Info: ETM fitted.
* JLink Info:   FPUnit: 6 code (BP) slots and 2 literal slots
Hardware-Breakpoints: 6
Software-Breakpoints: 2048
Watchpoints:          4
JTAG speed: 4000 kHz
 
Erase Failed!
Load "D:\\学习资料\\STM32程序\\界面配合程序\\Obj\\CAN（123）.AXF" 
Set JLink Project File to "D:\学习资料\STM32程序\界面配合程序\JLinkSettings.ini"
 
JLink info:
------------
DLL: V4.15n, compiled Jun 18 2010 19:55:09
Firmware: J-Link ARM V8 compiled Jul 17 2014 12:31:18
Hardware: V8.00
S/N : 17935099 
Feature(s) : RDI,FlashDL,FlashBP,JFlash 
 
* JLink Info: Found SWD-DP with ID 0x1BA01477
* JLink Info: TPIU fitted.
* JLink Info: ETM fitted.
* JLink Info:   FPUnit: 6 code (BP) slots and 2 literal slots
ROMTableAddr = 0xE00FF003
 
Target info:
------------
Device: STM32F105VC
VTarget = 3.261V
State of Pins: 
TCK: 0, TDI: 1, TDO: 1, TMS: 1, TRES: 1, TRST: 1
* JLink Info: Found SWD-DP with ID 0x1BA01477
* JLink Info: TPIU fitted.
* JLink Info: ETM fitted.
* JLink Info:   FPUnit: 6 code (BP) slots and 2 literal slots
Hardware-Breakpoints: 6
Software-Breakpoints: 2048
Watchpoints:          4
JTAG speed: 4000 kHz
 
Erase Done.
Programming Done.
Verify OK.
* JLink Info: Found SWD-DP with ID 0x1BA01477
* JLink Info: TPIU fitted.
* JLink Info: ETM fitted.
* JLink Info:   FPUnit: 6 code (BP) slots and 2 literal slots
Application running ...
Build target 'Target 1'
compiling pwm.c...
user\pwm.c(15): warning:  #69-D: integer conversion resulted in truncation
user\pwm.c:     TIM_TimeBaseStructure.TIM_Period = 1000000;             //设置在下一个更新事件装入活动的自动重装载寄存器周期的值
user\pwm.c:                                        ^
user\pwm.c(24): warning:  #69-D: integer conversion resulted in truncation
user\pwm.c:     TIM_OCInitStructure.TIM_Pulse = 500000;                                                  //占空比
user\pwm.c:                                     ^
user\pwm.c(31): warning:  #1-D: last line of file ends without a newline
user\pwm.c:   }
user\pwm.c:    ^
user\pwm.c: user\pwm.c: 3 warnings, 0 errors
linking...
Program Size: Code=21244 RO-data=884 RW-data=112 ZI-data=1632  
FromELF: creating hex file...
".\Obj\CAN（123）.axf" - 0 Error(s), 3 Warning(s).
Load "D:\\学习资料\\STM32程序\\界面配合程序\\Obj\\CAN（123）.AXF" 
Set JLink Project File to "D:\学习资料\STM32程序\界面配合程序\JLinkSettings.ini"
 
JLink info:
------------
DLL: V4.15n, compiled Jun 18 2010 19:55:09
Firmware: J-Link ARM V8 compiled Jul 17 2014 12:31:18
Hardware: V8.00
S/N : 17935099 
Feature(s) : RDI,FlashDL,FlashBP,JFlash 
 
* JLink Info: Found SWD-DP with ID 0x1BA01477
* JLink Info: TPIU fitted.
* JLink Info: ETM fitted.
* JLink Info:   FPUnit: 6 code (BP) slots and 2 literal slots
ROMTableAddr = 0xE00FF003
 
Target info:
------------
Device: STM32F105VC
VTarget = 3.267V
State of Pins: 
TCK: 0, TDI: 1, TDO: 1, TMS: 1, TRES: 1, TRST: 1
* JLink Info: Found SWD-DP with ID 0x1BA01477
* JLink Info: TPIU fitted.
* JLink Info: ETM fitted.
* JLink Info:   FPUnit: 6 code (BP) slots and 2 literal slots
Hardware-Breakpoints: 6
Software-Breakpoints: 2048
Watchpoints:          4
JTAG speed: 4000 kHz
 
Erase Done.
Programming Done.
Verify OK.
* JLink Info: Found SWD-DP with ID 0x1BA01477
* JLink Info: TPIU fitted.
* JLink Info: ETM fitted.
* JLink Info:   FPUnit: 6 code (BP) slots and 2 literal slots
Application running ...
Build target 'Target 1'
compiling pwm.c...
user\pwm.c(31): warning:  #1-D: last line of file ends without a newline
user\pwm.c:   }
user\pwm.c:    ^
user\pwm.c: user\pwm.c: 1 warning, 0 errors
linking...
Program Size: Code=21244 RO-data=884 RW-data=112 ZI-data=1632  
FromELF: creating hex file...
".\Obj\CAN（123）.axf" - 0 Error(s), 1 Warning(s).
Load "D:\\学习资料\\STM32程序\\界面配合程序\\Obj\\CAN（123）.AXF" 
Set JLink Project File to "D:\学习资料\STM32程序\界面配合程序\JLinkSettings.ini"
 
JLink info:
------------
DLL: V4.15n, compiled Jun 18 2010 19:55:09
Firmware: J-Link ARM V8 compiled Jul 17 2014 12:31:18
Hardware: V8.00
S/N : 17935099 
Feature(s) : RDI,FlashDL,FlashBP,JFlash 
 
* JLink Info: Found SWD-DP with ID 0x1BA01477
* JLink Info: TPIU fitted.
* JLink Info: ETM fitted.
* JLink Info:   FPUnit: 6 code (BP) slots and 2 literal slots
ROMTableAddr = 0xE00FF003
 
Target info:
------------
Device: STM32F105VC
VTarget = 3.261V
State of Pins: 
TCK: 0, TDI: 1, TDO: 1, TMS: 1, TRES: 1, TRST: 1
* JLink Info: Found SWD-DP with ID 0x1BA01477
* JLink Info: TPIU fitted.
* JLink Info: ETM fitted.
* JLink Info:   FPUnit: 6 code (BP) slots and 2 literal slots
Hardware-Breakpoints: 6
Software-Breakpoints: 2048
Watchpoints:          4
JTAG speed: 4000 kHz
 
Erase Done.
Programming Done.
Verify OK.
* JLink Info: Found SWD-DP with ID 0x1BA01477
* JLink Info: TPIU fitted.
* JLink Info: ETM fitted.
* JLink Info:   FPUnit: 6 code (BP) slots and 2 literal slots
Application running ...
Build target 'Target 1'
compiling pwm.c...
user\pwm.c(31): warning:  #1-D: last line of file ends without a newline
user\pwm.c:   }
user\pwm.c:    ^
user\pwm.c: user\pwm.c: 1 warning, 0 errors
linking...
Program Size: Code=21244 RO-data=884 RW-data=112 ZI-data=1632  
FromELF: creating hex file...
".\Obj\CAN（123）.axf" - 0 Error(s), 1 Warning(s).
Load "D:\\学习资料\\STM32程序\\界面配合程序\\Obj\\CAN（123）.AXF" 
Set JLink Project File to "D:\学习资料\STM32程序\界面配合程序\JLinkSettings.ini"
 
JLink info:
------------
DLL: V4.15n, compiled Jun 18 2010 19:55:09
Firmware: J-Link ARM V8 compiled Jul 17 2014 12:31:18
Hardware: V8.00
S/N : 17935099 
Feature(s) : RDI,FlashDL,FlashBP,JFlash 
 
* JLink Info: Found SWD-DP with ID 0x1BA01477
* JLink Info: TPIU fitted.
* JLink Info: ETM fitted.
* JLink Info:   FPUnit: 6 code (BP) slots and 2 literal slots
ROMTableAddr = 0xE00FF003
 
Target info:
------------
Device: STM32F105VC
VTarget = 3.267V
State of Pins: 
TCK: 0, TDI: 1, TDO: 1, TMS: 1, TRES: 1, TRST: 1
* JLink Info: Found SWD-DP with ID 0x1BA01477
* JLink Info: TPIU fitted.
* JLink Info: ETM fitted.
* JLink Info:   FPUnit: 6 code (BP) slots and 2 literal slots
Hardware-Breakpoints: 6
Software-Breakpoints: 2048
Watchpoints:          4
JTAG speed: 4000 kHz
 
Erase Done.
Programming Done.
Verify OK.
* JLink Info: Found SWD-DP with ID 0x1BA01477
* JLink Info: TPIU fitted.
* JLink Info: ETM fitted.
* JLink Info:   FPUnit: 6 code (BP) slots and 2 literal slots
Application running ...
Build target 'Target 1'
compiling main.c...
user\Hardware.h(12): warning:  #1-D: last line of file ends without a newline
user\Hardware.h:   #endif
user\Hardware.h:         ^
user\main.c(38): warning:  #223-D: function "NVIC_Configuration" declared implicitly
user\main.c:            NVIC_Configuration();
user\main.c:            ^
user\main.c(39): warning:  #223-D: function "TIM3_PWM_Init" declared implicitly
user\main.c:    TIM3_PWM_Init(TPl,TZkb);        //debug
user\main.c:    ^
user\main.c(41): warning:  #223-D: function "Time2_Init" declared implicitly
user\main.c:    Time2_Init(10000,7199);          //定时器1的计数单位为1s。
user\main.c:    ^
user\main.c(42): warning:  #223-D: function "Time4_Init" declared implicitly
user\main.c:    Time4_Init(100,719);        //定时器4的计数单位为1ms    
user\main.c:    ^
user\main.c(83): warning:  #111-D: statement is unreachable
user\main.c:            return 0;
user\main.c:            ^
user\main.c(31): warning:  #177-D: variable "temp" was declared but never referenced
user\main.c:    float temp;
user\main.c:          ^
user\main.c(32): warning:  #177-D: variable "t" was declared but never referenced
user\main.c:    int  t;
user\main.c:         ^
user\main.c(85): warning:  #1-D: last line of file ends without a newline
user\main.c:                                                                                                                                               
user\main.c:                                                                                                                                               ^
user\main.c: user\main.c: 9 warnings, 0 errors
compiling stm32f10x_it.c...
user\hardware.h(12): warning:  #1-D: last line of file ends without a newline
user\hardware.h:   #endif
user\hardware.h:         ^
user\stm32f10x_it.c(12): warning:  #260-D: explicit type is missing ("int" assumed)
user\stm32f10x_it.c:   extern flagWin;
user\stm32f10x_it.c:          ^
user\stm32f10x_it.c(13): warning:  #260-D: explicit type is missing ("int" assumed)
user\stm32f10x_it.c:   extern flagZqgs;
user\stm32f10x_it.c:          ^
user\stm32f10x_it.c(14): warning:  #260-D: explicit type is missing ("int" assumed)
user\stm32f10x_it.c:   extern flagJg;
user\stm32f10x_it.c:          ^
user\stm32f10x_it.c(15): warning:  #260-D: explicit type is missing ("int" assumed)
user\stm32f10x_it.c:   extern flagCjcs;
user\stm32f10x_it.c:          ^
user\stm32f10x_it.c(16): warning:  #260-D: explicit type is missing ("int" assumed)
user\stm32f10x_it.c:   extern flagYc;
user\stm32f10x_it.c:          ^
user\stm32f10x_it.c(76): error:  #20: identifier "TP1" is undefined
user\stm32f10x_it.c:            TZkb = (int)(TP1 * (float)canrx_data[0] / (float)100);   //占空比的数值
user\stm32f10x_it.c:                         ^
user\stm32f10x_it.c(36): warning:  #177-D: variable "temp" was declared but never referenced
user\stm32f10x_it.c:    u16 temp = 0;   
user\stm32f10x_it.c:        ^
user\stm32f10x_it.c: user\stm32f10x_it.c: 7 warnings, 1 error
compiling pwm.c...
user\pwm.c(15): warning:  #69-D: integer conversion resulted in truncation
user\pwm.c:     TIM_TimeBaseStructure.TIM_Period = 100000;              //设置在下一个更新事件装入活动的自动重装载寄存器周期的值
user\pwm.c:                                        ^
user\pwm.c(24): warning:  #69-D: integer conversion resulted in truncation
user\pwm.c:     TIM_OCInitStructure.TIM_Pulse = 500000;                                          //占空比
user\pwm.c:                                     ^
user\pwm.c(31): warning:  #1-D: last line of file ends without a newline
user\pwm.c:   }
user\pwm.c:    ^
user\pwm.c: user\pwm.c: 3 warnings, 0 errors
Target not created
Build target 'Target 1'
compiling stm32f10x_it.c...
user\hardware.h(12): warning:  #1-D: last line of file ends without a newline
user\hardware.h:   #endif
user\hardware.h:         ^
user\stm32f10x_it.c(12): warning:  #260-D: explicit type is missing ("int" assumed)
user\stm32f10x_it.c:   extern flagWin;
user\stm32f10x_it.c:          ^
user\stm32f10x_it.c(13): warning:  #260-D: explicit type is missing ("int" assumed)
user\stm32f10x_it.c:   extern flagZqgs;
user\stm32f10x_it.c:          ^
user\stm32f10x_it.c(14): warning:  #260-D: explicit type is missing ("int" assumed)
user\stm32f10x_it.c:   extern flagJg;
user\stm32f10x_it.c:          ^
user\stm32f10x_it.c(15): warning:  #260-D: explicit type is missing ("int" assumed)
user\stm32f10x_it.c:   extern flagCjcs;
user\stm32f10x_it.c:          ^
user\stm32f10x_it.c(16): warning:  #260-D: explicit type is missing ("int" assumed)
user\stm32f10x_it.c:   extern flagYc;
user\stm32f10x_it.c:          ^
user\stm32f10x_it.c(76): error:  #20: identifier "TP1" is undefined
user\stm32f10x_it.c:            TZkb = (int)(TP1 * ((float)canrx_data[0] / (float)100));   //占空比的数值
user\stm32f10x_it.c:                         ^
user\stm32f10x_it.c(36): warning:  #177-D: variable "temp" was declared but never referenced
user\stm32f10x_it.c:    u16 temp = 0;   
user\stm32f10x_it.c:        ^
user\stm32f10x_it.c: user\stm32f10x_it.c: 7 warnings, 1 error
Target not created
Build target 'Target 1'
compiling stm32f10x_it.c...
user\hardware.h(12): warning:  #1-D: last line of file ends without a newline
user\hardware.h:   #endif
user\hardware.h:         ^
user\stm32f10x_it.c(12): warning:  #260-D: explicit type is missing ("int" assumed)
user\stm32f10x_it.c:   extern flagWin;
user\stm32f10x_it.c:          ^
user\stm32f10x_it.c(13): warning:  #260-D: explicit type is missing ("int" assumed)
user\stm32f10x_it.c:   extern flagZqgs;
user\stm32f10x_it.c:          ^
user\stm32f10x_it.c(14): warning:  #260-D: explicit type is missing ("int" assumed)
user\stm32f10x_it.c:   extern flagJg;
user\stm32f10x_it.c:          ^
user\stm32f10x_it.c(15): warning:  #260-D: explicit type is missing ("int" assumed)
user\stm32f10x_it.c:   extern flagCjcs;
user\stm32f10x_it.c:          ^
user\stm32f10x_it.c(16): warning:  #260-D: explicit type is missing ("int" assumed)
user\stm32f10x_it.c:   extern flagYc;
user\stm32f10x_it.c:          ^
user\stm32f10x_it.c(36): warning:  #177-D: variable "temp" was declared but never referenced
user\stm32f10x_it.c:    u16 temp = 0;   
user\stm32f10x_it.c:        ^
user\stm32f10x_it.c: user\stm32f10x_it.c: 7 warnings, 0 errors
linking...
Program Size: Code=21300 RO-data=884 RW-data=112 ZI-data=1632  
FromELF: creating hex file...
".\Obj\CAN（123）.axf" - 0 Error(s), 7 Warning(s).
Load "D:\\学习资料\\STM32程序\\界面配合程序\\Obj\\CAN（123）.AXF" 
Set JLink Project File to "D:\学习资料\STM32程序\界面配合程序\JLinkSettings.ini"
 
JLink info:
------------
DLL: V4.15n, compiled Jun 18 2010 19:55:09
Firmware: J-Link ARM V8 compiled Jul 17 2014 12:31:18
Hardware: V8.00
S/N : 17935099 
Feature(s) : RDI,FlashDL,FlashBP,JFlash 
 
* JLink Info: Found SWD-DP with ID 0x1BA01477
* JLink Info: TPIU fitted.
* JLink Info: ETM fitted.
* JLink Info:   FPUnit: 6 code (BP) slots and 2 literal slots
ROMTableAddr = 0xE00FF003
 
Target info:
------------
Device: STM32F105VC
VTarget = 3.267V
State of Pins: 
TCK: 0, TDI: 1, TDO: 1, TMS: 1, TRES: 1, TRST: 1
* JLink Info: Found SWD-DP with ID 0x1BA01477
* JLink Info: TPIU fitted.
* JLink Info: ETM fitted.
* JLink Info:   FPUnit: 6 code (BP) slots and 2 literal slots
Hardware-Breakpoints: 6
Software-Breakpoints: 2048
Watchpoints:          4
JTAG speed: 4000 kHz
 
Erase Done.
Programming Done.
Verify OK.
* JLink Info: Found SWD-DP with ID 0x1BA01477
* JLink Info: TPIU fitted.
* JLink Info: ETM fitted.
* JLink Info:   FPUnit: 6 code (BP) slots and 2 literal slots
Application running ...
Build target 'Target 1'
compiling pwm.c...
user\pwm.c(31): warning:  #1-D: last line of file ends without a newline
user\pwm.c:   }
user\pwm.c:    ^
user\pwm.c: user\pwm.c: 1 warning, 0 errors
linking...
Program Size: Code=21300 RO-data=884 RW-data=112 ZI-data=1632  
FromELF: creating hex file...
".\Obj\CAN（123）.axf" - 0 Error(s), 1 Warning(s).
Load "D:\\学习资料\\STM32程序\\界面配合程序\\Obj\\CAN（123）.AXF" 
Set JLink Project File to "D:\学习资料\STM32程序\界面配合程序\JLinkSettings.ini"
 
JLink info:
------------
DLL: V4.15n, compiled Jun 18 2010 19:55:09
Firmware: J-Link ARM V8 compiled Jul 17 2014 12:31:18
Hardware: V8.00
S/N : 17935099 
Feature(s) : RDI,FlashDL,FlashBP,JFlash 
 
* JLink Info: Found SWD-DP with ID 0x1BA01477
* JLink Info: TPIU fitted.
* JLink Info: ETM fitted.
* JLink Info:   FPUnit: 6 code (BP) slots and 2 literal slots
ROMTableAddr = 0xE00FF003
 
Target info:
------------
Device: STM32F105VC
VTarget = 3.261V
State of Pins: 
TCK: 0, TDI: 1, TDO: 1, TMS: 1, TRES: 1, TRST: 1
* JLink Info: Found SWD-DP with ID 0x1BA01477
* JLink Info: TPIU fitted.
* JLink Info: ETM fitted.
* JLink Info:   FPUnit: 6 code (BP) slots and 2 literal slots
Hardware-Breakpoints: 6
Software-Breakpoints: 2048
Watchpoints:          4
JTAG speed: 4000 kHz
 
Erase Done.
Programming Done.
Verify OK.
* JLink Info: Found SWD-DP with ID 0x1BA01477
* JLink Info: TPIU fitted.
* JLink Info: ETM fitted.
* JLink Info:   FPUnit: 6 code (BP) slots and 2 literal slots
Application running ...
Build target 'Target 1'
compiling pwm.c...
user\pwm.c(31): warning:  #1-D: last line of file ends without a newline
user\pwm.c:   }
user\pwm.c:    ^
user\pwm.c: user\pwm.c: 1 warning, 0 errors
linking...
Program Size: Code=21300 RO-data=884 RW-data=112 ZI-data=1632  
FromELF: creating hex file...
".\Obj\CAN（123）.axf" - 0 Error(s), 1 Warning(s).
Load "D:\\学习资料\\STM32程序\\界面配合程序\\Obj\\CAN（123）.AXF" 
Set JLink Project File to "D:\学习资料\STM32程序\界面配合程序\JLinkSettings.ini"
 
JLink info:
------------
DLL: V4.15n, compiled Jun 18 2010 19:55:09
Firmware: J-Link ARM V8 compiled Jul 17 2014 12:31:18
Hardware: V8.00
S/N : 17935099 
Feature(s) : RDI,FlashDL,FlashBP,JFlash 
 
* JLink Info: Found SWD-DP with ID 0x1BA01477
* JLink Info: TPIU fitted.
* JLink Info: ETM fitted.
* JLink Info:   FPUnit: 6 code (BP) slots and 2 literal slots
ROMTableAddr = 0xE00FF003
 
Target info:
------------
Device: STM32F105VC
VTarget = 3.267V
State of Pins: 
TCK: 0, TDI: 1, TDO: 1, TMS: 1, TRES: 1, TRST: 1
* JLink Info: Found SWD-DP with ID 0x1BA01477
* JLink Info: TPIU fitted.
* JLink Info: ETM fitted.
* JLink Info:   FPUnit: 6 code (BP) slots and 2 literal slots
Hardware-Breakpoints: 6
Software-Breakpoints: 2048
Watchpoints:          4
JTAG speed: 4000 kHz
 
Erase Done.
Programming Done.
Verify OK.
* JLink Info: Found SWD-DP with ID 0x1BA01477
* JLink Info: TPIU fitted.
* JLink Info: ETM fitted.
* JLink Info:   FPUnit: 6 code (BP) slots and 2 literal slots
Application running ...
Build target 'Target 1'
compiling main.c...
user\Hardware.h(12): warning:  #1-D: last line of file ends without a newline
user\Hardware.h:   #endif
user\Hardware.h:         ^
user\main.c(38): warning:  #223-D: function "NVIC_Configuration" declared implicitly
user\main.c:            NVIC_Configuration();
user\main.c:            ^
user\main.c(41): warning:  #223-D: function "Time2_Init" declared implicitly
user\main.c:    Time2_Init(10000,7199);          //定时器1的计数单位为1s。
user\main.c:    ^
user\main.c(42): warning:  #223-D: function "Time4_Init" declared implicitly
user\main.c:    Time4_Init(100,719);        //定时器4的计数单位为1ms    
user\main.c:    ^
user\main.c(48): warning:  #223-D: function "TIM3_PWM_Init" declared implicitly
user\main.c:                    TIM3_PWM_Init(TPl,TZkb);                 //初始化PWM波
user\main.c:                    ^
user\main.c(83): warning:  #111-D: statement is unreachable
user\main.c:            return 0;
user\main.c:            ^
user\main.c(31): warning:  #177-D: variable "temp" was declared but never referenced
user\main.c:    float temp;
user\main.c:          ^
user\main.c(32): warning:  #177-D: variable "t" was declared but never referenced
user\main.c:    int  t;
user\main.c:         ^
user\main.c(85): warning:  #1-D: last line of file ends without a newline
user\main.c:                                                                                                                                               
user\main.c:                                                                                                                                               ^
user\main.c: user\main.c: 9 warnings, 0 errors
compiling stm32f10x_it.c...
user\hardware.h(12): warning:  #1-D: last line of file ends without a newline
user\hardware.h:   #endif
user\hardware.h:         ^
user\stm32f10x_it.c(12): warning:  #260-D: explicit type is missing ("int" assumed)
user\stm32f10x_it.c:   extern flagWin;
user\stm32f10x_it.c:          ^
user\stm32f10x_it.c(13): warning:  #260-D: explicit type is missing ("int" assumed)
user\stm32f10x_it.c:   extern flagZqgs;
user\stm32f10x_it.c:          ^
user\stm32f10x_it.c(14): warning:  #260-D: explicit type is missing ("int" assumed)
user\stm32f10x_it.c:   extern flagJg;
user\stm32f10x_it.c:          ^
user\stm32f10x_it.c(15): warning:  #260-D: explicit type is missing ("int" assumed)
user\stm32f10x_it.c:   extern flagCjcs;
user\stm32f10x_it.c:          ^
user\stm32f10x_it.c(16): warning:  #260-D: explicit type is missing ("int" assumed)
user\stm32f10x_it.c:   extern flagYc;
user\stm32f10x_it.c:          ^
user\stm32f10x_it.c(36): warning:  #177-D: variable "temp" was declared but never referenced
user\stm32f10x_it.c:    u16 temp = 0;   
user\stm32f10x_it.c:        ^
user\stm32f10x_it.c: user\stm32f10x_it.c: 7 warnings, 0 errors
compiling pwm.c...
user\pwm.c(31): warning:  #1-D: last line of file ends without a newline
user\pwm.c:   }
user\pwm.c:    ^
user\pwm.c: user\pwm.c: 1 warning, 0 errors
linking...
Program Size: Code=21272 RO-data=884 RW-data=112 ZI-data=1632  
FromELF: creating hex file...
".\Obj\CAN（123）.axf" - 0 Error(s), 17 Warning(s).
Load "D:\\学习资料\\STM32程序\\界面配合程序\\Obj\\CAN（123）.AXF" 
Set JLink Project File to "D:\学习资料\STM32程序\界面配合程序\JLinkSettings.ini"
 
JLink info:
------------
DLL: V4.15n, compiled Jun 18 2010 19:55:09
Firmware: J-Link ARM V8 compiled Jul 17 2014 12:31:18
Hardware: V8.00
S/N : 17935099 
Feature(s) : RDI,FlashDL,FlashBP,JFlash 
 
* JLink Info: Found SWD-DP with ID 0x1BA01477
* JLink Info: TPIU fitted.
* JLink Info: ETM fitted.
* JLink Info:   FPUnit: 6 code (BP) slots and 2 literal slots
ROMTableAddr = 0xE00FF003
 
Target info:
------------
Device: STM32F105VC
VTarget = 3.261V
State of Pins: 
TCK: 0, TDI: 1, TDO: 1, TMS: 1, TRES: 1, TRST: 1
* JLink Info: Found SWD-DP with ID 0x1BA01477
* JLink Info: TPIU fitted.
* JLink Info: ETM fitted.
* JLink Info:   FPUnit: 6 code (BP) slots and 2 literal slots
Hardware-Breakpoints: 6
Software-Breakpoints: 2048
Watchpoints:          4
JTAG speed: 4000 kHz
 
Erase Done.
Programming Done.
Verify OK.
* JLink Info: Found SWD-DP with ID 0x1BA01477
* JLink Info: TPIU fitted.
* JLink Info: ETM fitted.
* JLink Info:   FPUnit: 6 code (BP) slots and 2 literal slots
Application running ...
